Archive member included because of file (symbol)

c:/program files (x86)/atmel/atmel toolchain/avr8 gcc/native/3.4.1056/avr8-gnu-toolchain/bin/../lib/gcc/avr/4.8.1/../../../../avr/lib/avr51\libm.a(acos.o)
                              propagator.o (acos)
c:/program files (x86)/atmel/atmel toolchain/avr8 gcc/native/3.4.1056/avr8-gnu-toolchain/bin/../lib/gcc/avr/4.8.1/../../../../avr/lib/avr51\libm.a(addsf3.o)
                              controller.o (__subsf3)
c:/program files (x86)/atmel/atmel toolchain/avr8 gcc/native/3.4.1056/avr8-gnu-toolchain/bin/../lib/gcc/avr/4.8.1/../../../../avr/lib/avr51\libm.a(addsf3x.o)
                              c:/program files (x86)/atmel/atmel toolchain/avr8 gcc/native/3.4.1056/avr8-gnu-toolchain/bin/../lib/gcc/avr/4.8.1/../../../../avr/lib/avr51\libm.a(acos.o) (__addsf3x)
c:/program files (x86)/atmel/atmel toolchain/avr8 gcc/native/3.4.1056/avr8-gnu-toolchain/bin/../lib/gcc/avr/4.8.1/../../../../avr/lib/avr51\libm.a(asin.o)
                              propagator.o (asin)
c:/program files (x86)/atmel/atmel toolchain/avr8 gcc/native/3.4.1056/avr8-gnu-toolchain/bin/../lib/gcc/avr/4.8.1/../../../../avr/lib/avr51\libm.a(atan2.o)
                              frame.o (atan2)
c:/program files (x86)/atmel/atmel toolchain/avr8 gcc/native/3.4.1056/avr8-gnu-toolchain/bin/../lib/gcc/avr/4.8.1/../../../../avr/lib/avr51\libm.a(atan.o)
                              c:/program files (x86)/atmel/atmel toolchain/avr8 gcc/native/3.4.1056/avr8-gnu-toolchain/bin/../lib/gcc/avr/4.8.1/../../../../avr/lib/avr51\libm.a(atan2.o) (atan)
c:/program files (x86)/atmel/atmel toolchain/avr8 gcc/native/3.4.1056/avr8-gnu-toolchain/bin/../lib/gcc/avr/4.8.1/../../../../avr/lib/avr51\libm.a(cmpsf2.o)
                              controller.o (__eqsf2)
c:/program files (x86)/atmel/atmel toolchain/avr8 gcc/native/3.4.1056/avr8-gnu-toolchain/bin/../lib/gcc/avr/4.8.1/../../../../avr/lib/avr51\libm.a(cos.o)
                              frame.o (cos)
c:/program files (x86)/atmel/atmel toolchain/avr8 gcc/native/3.4.1056/avr8-gnu-toolchain/bin/../lib/gcc/avr/4.8.1/../../../../avr/lib/avr51\libm.a(divsf3.o)
                              controller.o (__divsf3)
c:/program files (x86)/atmel/atmel toolchain/avr8 gcc/native/3.4.1056/avr8-gnu-toolchain/bin/../lib/gcc/avr/4.8.1/../../../../avr/lib/avr51\libm.a(divsf3x.o)
                              c:/program files (x86)/atmel/atmel toolchain/avr8 gcc/native/3.4.1056/avr8-gnu-toolchain/bin/../lib/gcc/avr/4.8.1/../../../../avr/lib/avr51\libm.a(divsf3.o) (__divsf3x)
c:/program files (x86)/atmel/atmel toolchain/avr8 gcc/native/3.4.1056/avr8-gnu-toolchain/bin/../lib/gcc/avr/4.8.1/../../../../avr/lib/avr51\libm.a(fixsfsi.o)
                              controller.o (__fixsfsi)
c:/program files (x86)/atmel/atmel toolchain/avr8 gcc/native/3.4.1056/avr8-gnu-toolchain/bin/../lib/gcc/avr/4.8.1/../../../../avr/lib/avr51\libm.a(fixunssfsi.o)
                              controller.o (__fixunssfsi)
c:/program files (x86)/atmel/atmel toolchain/avr8 gcc/native/3.4.1056/avr8-gnu-toolchain/bin/../lib/gcc/avr/4.8.1/../../../../avr/lib/avr51\libm.a(floatsisf.o)
                              controller.o (__floatunsisf)
c:/program files (x86)/atmel/atmel toolchain/avr8 gcc/native/3.4.1056/avr8-gnu-toolchain/bin/../lib/gcc/avr/4.8.1/../../../../avr/lib/avr51\libm.a(floatundisf.o)
                              frame.o (__floatundisf)
c:/program files (x86)/atmel/atmel toolchain/avr8 gcc/native/3.4.1056/avr8-gnu-toolchain/bin/../lib/gcc/avr/4.8.1/../../../../avr/lib/avr51\libm.a(fp_arccos.o)
                              c:/program files (x86)/atmel/atmel toolchain/avr8 gcc/native/3.4.1056/avr8-gnu-toolchain/bin/../lib/gcc/avr/4.8.1/../../../../avr/lib/avr51\libm.a(acos.o) (__fp_arccos)
c:/program files (x86)/atmel/atmel toolchain/avr8 gcc/native/3.4.1056/avr8-gnu-toolchain/bin/../lib/gcc/avr/4.8.1/../../../../avr/lib/avr51\libm.a(fp_cmp.o)
                              c:/program files (x86)/atmel/atmel toolchain/avr8 gcc/native/3.4.1056/avr8-gnu-toolchain/bin/../lib/gcc/avr/4.8.1/../../../../avr/lib/avr51\libm.a(cmpsf2.o) (__fp_cmp)
c:/program files (x86)/atmel/atmel toolchain/avr8 gcc/native/3.4.1056/avr8-gnu-toolchain/bin/../lib/gcc/avr/4.8.1/../../../../avr/lib/avr51\libm.a(fp_inf.o)
                              c:/program files (x86)/atmel/atmel toolchain/avr8 gcc/native/3.4.1056/avr8-gnu-toolchain/bin/../lib/gcc/avr/4.8.1/../../../../avr/lib/avr51\libm.a(addsf3x.o) (__fp_inf)
c:/program files (x86)/atmel/atmel toolchain/avr8 gcc/native/3.4.1056/avr8-gnu-toolchain/bin/../lib/gcc/avr/4.8.1/../../../../avr/lib/avr51\libm.a(fp_nan.o)
                              c:/program files (x86)/atmel/atmel toolchain/avr8 gcc/native/3.4.1056/avr8-gnu-toolchain/bin/../lib/gcc/avr/4.8.1/../../../../avr/lib/avr51\libm.a(addsf3x.o) (__fp_nan)
[...]
Memory Configuration

Name             Origin             Length             Attributes
text             0x00000000         0x00020000         xr
data             0x00800100         0x0000ff00         rw !x
eeprom           0x00810000         0x00010000         rw !x
fuse             0x00820000         0x00000400         rw !x
lock             0x00830000         0x00000400         rw !x
signature        0x00840000         0x00000400         rw !x
user_signatures  0x00850000         0x00000400         rw !x
*default*        0x00000000         0xffffffff

Linker script and memory map

Address of section .data set to 0x800100
LOAD c:/program files (x86)/atmel/atmel toolchain/avr8 gcc/native/3.4.1056/avr8-gnu-toolchain/bin/../lib/gcc/avr/4.8.1/../../../../avr/lib/avr51/crtm128.o
LOAD controller.o
LOAD frame.o
LOAD gps.o
LOAD hm.o
LOAD igrf.o
LOAD mag.o
LOAD master.o
LOAD mathutil.o
LOAD peripherals.o
LOAD propagator.o
LOAD quest.o
LOAD spi.o
LOAD sun.o
LOAD timer.o
LOAD twi.o
LOAD uart.o
START GROUP
LOAD c:/program files (x86)/atmel/atmel toolchain/avr8 gcc/native/3.4.1056/avr8-gnu-toolchain/bin/../lib/gcc/avr/4.8.1/../../../../avr/lib/avr51\libm.a
END GROUP
START GROUP
LOAD c:/program files (x86)/atmel/atmel toolchain/avr8 gcc/native/3.4.1056/avr8-gnu-toolchain/bin/../lib/gcc/avr/4.8.1/avr51\libgcc.a
LOAD c:/program files (x86)/atmel/atmel toolchain/avr8 gcc/native/3.4.1056/avr8-gnu-toolchain/bin/../lib/gcc/avr/4.8.1/../../../../avr/lib/avr51\libm.a
LOAD c:/program files (x86)/atmel/atmel toolchain/avr8 gcc/native/3.4.1056/avr8-gnu-toolchain/bin/../lib/gcc/avr/4.8.1/../../../../avr/lib/avr51\libc.a
END GROUP

.hash
 *(.hash)

.dynsym
 *(.dynsym)

.dynstr
 *(.dynstr)

.gnu.version
 *(.gnu.version)

.gnu.version_d
 *(.gnu.version_d)

.gnu.version_r
 *(.gnu.version_r)

.rel.init
 *(.rel.init)

.rela.init
 *(.rela.init)

.rel.text
 *(.rel.text)
 *(.rel.text.*)
 *(.rel.gnu.linkonce.t*)

.rela.text
 *(.rela.text)
 *(.rela.text.*)
 *(.rela.gnu.linkonce.t*)

.rel.fini
 *(.rel.fini)

.rela.fini
 *(.rela.fini)

.rel.rodata
 *(.rel.rodata)
 *(.rel.rodata.*)
 *(.rel.gnu.linkonce.r*)

.rela.rodata
 *(.rela.rodata)
 *(.rela.rodata.*)
 *(.rela.gnu.linkonce.r*)

.rel.data
 *(.rel.data)
 *(.rel.data.*)
 *(.rel.gnu.linkonce.d*)

.rela.data
 *(.rela.data)
 *(.rela.data.*)
 *(.rela.gnu.linkonce.d*)

.rel.ctors
 *(.rel.ctors)

.rela.ctors
 *(.rela.ctors)

.rel.dtors
 *(.rel.dtors)

.rela.dtors
 *(.rela.dtors)

.rel.got
 *(.rel.got)

.rela.got
 *(.rela.got)

.rel.bss
 *(.rel.bss)

.rela.bss
 *(.rela.bss)

.rel.plt
 *(.rel.plt)

.rela.plt
 *(.rela.plt)

.text           0x00000000     0x604e
 *(.vectors)
 .vectors       0x00000000       0x8c c:/program files (x86)/atmel/atmel toolchain/avr8 gcc/native/3.4.1056/avr8-gnu-toolchain/bin/../lib/gcc/avr/4.8.1/../../../../avr/lib/avr51/crtm128.o
                0x00000000                __vector_default
                0x00000000                __vectors
 *(.vectors)
 *(.progmem.gcc*)
 .progmem.gcc_fplib
                0x0000008c       0x14 c:/program files (x86)/atmel/atmel toolchain/avr8 gcc/native/3.4.1056/avr8-gnu-toolchain/bin/../lib/gcc/avr/4.8.1/../../../../avr/lib/avr51\libm.a(asin.o)
 .progmem.gcc_fplib
                0x000000a0       0x2d c:/program files (x86)/atmel/atmel toolchain/avr8 gcc/native/3.4.1056/avr8-gnu-toolchain/bin/../lib/gcc/avr/4.8.1/../../../../avr/lib/avr51\libm.a(atan.o)
 .progmem.gcc_fplib
                0x000000cd       0x28 c:/program files (x86)/atmel/atmel toolchain/avr8 gcc/native/3.4.1056/avr8-gnu-toolchain/bin/../lib/gcc/avr/4.8.1/../../../../avr/lib/avr51\libm.a(fp_arccos.o)
 .progmem.gcc_fplib
                0x000000f5       0x1e c:/program files (x86)/atmel/atmel toolchain/avr8 gcc/native/3.4.1056/avr8-gnu-toolchain/bin/../lib/gcc/avr/4.8.1/../../../../avr/lib/avr51\libm.a(fp_sinus.o)
 .progmem.gcc_fplib
                0x00000113       0x28 c:/program files (x86)/atmel/atmel toolchain/avr8 gcc/native/3.4.1056/avr8-gnu-toolchain/bin/../lib/gcc/avr/4.8.1/../../../../avr/lib/avr51\libm.a(exp.o)
 .progmem.gcc_fplib
                0x0000013b       0x5a c:/program files (x86)/atmel/atmel toolchain/avr8 gcc/native/3.4.1056/avr8-gnu-toolchain/bin/../lib/gcc/avr/4.8.1/../../../../avr/lib/avr51\libm.a(log.o)
                0x00000196                . = ALIGN (0x2)
 *fill*         0x00000195        0x1 
                0x00000196                __trampolines_start = .
 *(.trampolines)
 .trampolines   0x00000196        0x0 linker stubs
 *(.trampolines*)
                0x00000196                __trampolines_end = .
 *(.progmem*)
 .progmem.data.dgh
                0x00000196      0x310 igrf.o
 .progmem.data.agh
                0x000004a6      0x310 igrf.o
                0x000007b6                . = ALIGN (0x2)
 *(.jumptables)
 *(.jumptables*)
 *(.lowtext)
 *(.lowtext*)
                0x000007b6                __ctors_start = .
 *(.ctors)
                0x000007b6                __ctors_end = .
                0x000007b6                __dtors_start = .
 *(.dtors)
                0x000007b6                __dtors_end = .
 SORT(*)(.ctors)
 SORT(*)(.dtors)
 *(.init0)
 .init0         0x000007b6        0x0 c:/program files (x86)/atmel/atmel toolchain/avr8 gcc/native/3.4.1056/avr8-gnu-toolchain/bin/../lib/gcc/avr/4.8.1/../../../../avr/lib/avr51/crtm128.o
                0x000007b6                __init
 *(.init0)
 *(.init1)
 *(.init1)
 *(.init2)
 .init2         0x000007b6        0xc c:/program files (x86)/atmel/atmel toolchain/avr8 gcc/native/3.4.1056/avr8-gnu-toolchain/bin/../lib/gcc/avr/4.8.1/../../../../avr/lib/avr51/crtm128.o
 *(.init2)
 *(.init3)
 *(.init3)
 *(.init4)
 .init4         0x000007c2       0x1a c:/program files (x86)/atmel/atmel toolchain/avr8 gcc/native/3.4.1056/avr8-gnu-toolchain/bin/../lib/gcc/avr/4.8.1/avr51\libgcc.a(_copy_data.o)
                0x000007c2                __do_copy_data
 .init4         0x000007dc       0x10 c:/program files (x86)/atmel/atmel toolchain/avr8 gcc/native/3.4.1056/avr8-gnu-toolchain/bin/../lib/gcc/avr/4.8.1/avr51\libgcc.a(_clear_bss.o)
                0x000007dc                __do_clear_bss
 *(.init4)
 *(.init5)
 *(.init5)
 *(.init6)
 *(.init6)
 *(.init7)
 *(.init7)
 *(.init8)
 *(.init8)
 *(.init9)
 .init9         0x000007ec        0x8 c:/program files (x86)/atmel/atmel toolchain/avr8 gcc/native/3.4.1056/avr8-gnu-toolchain/bin/../lib/gcc/avr/4.8.1/../../../../avr/lib/avr51/crtm128.o
 *(.init9)
 *(.text)
 .text          0x000007f4        0x2 c:/program files (x86)/atmel/atmel toolchain/avr8 gcc/native/3.4.1056/avr8-gnu-toolchain/bin/../lib/gcc/avr/4.8.1/../../../../avr/lib/avr51/crtm128.o
                0x000007f4                __vector_22
                0x000007f4                __vector_28
                0x000007f4                __vector_1
                0x000007f4                __vector_32
                0x000007f4                __vector_34
                0x000007f4                __vector_24
                0x000007f4                __vector_12
                0x000007f4                __bad_interrupt
                0x000007f4                __vector_6
                0x000007f4                __vector_31
                0x000007f4                __vector_3
                0x000007f4                __vector_23
                0x000007f4                __vector_30
                0x000007f4                __vector_25
                0x000007f4                __vector_11
                0x000007f4                __vector_13
                0x000007f4                __vector_17
                0x000007f4                __vector_19
                0x000007f4                __vector_7
                0x000007f4                __vector_27
                0x000007f4                __vector_5
                0x000007f4                __vector_33
                0x000007f4                __vector_4
                0x000007f4                __vector_9
                0x000007f4                __vector_2
                0x000007f4                __vector_21
                0x000007f4                __vector_15
                0x000007f4                __vector_29
                0x000007f4                __vector_8
                0x000007f4                __vector_26
                0x000007f4                __vector_14
                0x000007f4                __vector_10
                0x000007f4                __vector_16
                0x000007f4                __vector_20
                0x000007f6                . = ALIGN (0x2)
 *(.text.*)
 .text.detumbling
                0x000007f6      0x1e8 controller.o
                0x000007f6                detumbling
 .text.nominal  0x000009de      0x2fe controller.o
                0x000009de                nominal
 .text.apply_torque
                0x00000cdc      0x2e0 controller.o
                0x00000cdc                apply_torque
 .text.control  0x00000fbc      0x724 controller.o
                0x00000fbc                control
 .text.get_seconds_since_equinox
                0x000016e0      0x34c frame.o
                0x000016e0                get_seconds_since_equinox
 .text.ecef2eci
                0x00001a2c      0x10e frame.o
                0x00001a2c                ecef2eci
 .text.eci2ecef
                0x00001b3a      0x114 frame.o
                0x00001b3a                eci2ecef
 .text.eci2orbit
                0x00001c4e      0x164 frame.o
                0x00001c4e                eci2orbit
 .text.ecef2lla
                0x00001db2      0x270 frame.o
                0x00001db2                ecef2lla
 .text.ned2ecef
                0x00002022      0x16a frame.o
                0x00002022                ned2ecef
 .text.init_UART_GPS
                0x0000218c       0xe2 gps.o
                0x0000218c                init_UART_GPS
 .text.__vector_18
                0x0000226e      0x7bc gps.o
                0x0000226e                __vector_18
 .text.igrf     0x00002a2a      0xdc6 igrf.o
                0x00002a2a                igrf
 .text.init_UART_MM
                0x000037f0       0x38 mag.o
                0x000037f0                init_UART_MM
 .text.poll_MM1
                0x00003828      0x160 mag.o
                0x00003828                poll_MM1
 .text.startup.main
                0x00003988       0x96 master.o
                0x00003988                main
 .text.copy_vector
                0x00003a1e       0x3e mathutil.o
                0x00003a1e                copy_vector
 .text.copy_quaternion
                0x00003a5c       0x1c mathutil.o
                0x00003a5c                copy_quaternion
 .text.vector_norm
                0x00003a78       0x8e mathutil.o
                0x00003a78                vector_norm
 .text.quaternion_norm
                0x00003b06       0xd2 mathutil.o
                0x00003b06                quaternion_norm
 .text.vector_dot_product
                0x00003bd8       0x88 mathutil.o
                0x00003bd8                vector_dot_product
 .text.add_vectors
                0x00003c60       0x52 mathutil.o
                0x00003c60                add_vectors
 .text.vector_into_matrix
                0x00003cb2       0xbe mathutil.o
                0x00003cb2                vector_into_matrix
 .text.vector_cross_product
                0x00003d70      0x102 mathutil.o
                0x00003d70                vector_cross_product
 .text.scalar_into_vector
                0x00003e72       0x68 mathutil.o
                0x00003e72                scalar_into_vector
 .text.scalar_into_quaternion
                0x00003eda       0x44 mathutil.o
                0x00003eda                scalar_into_quaternion
 .text.convert_unit_vector
                0x00003f1e       0x6a mathutil.o
                0x00003f1e                convert_unit_vector
 .text.convert_unit_quaternion
                0x00003f88       0x4c mathutil.o
                0x00003f88                convert_unit_quaternion
 .text.read_GPS
                0x00003fd4        0x4 peripherals.o
                0x00003fd4                read_GPS
 .text.read_SS  0x00003fd8        0x4 peripherals.o
                0x00003fd8                read_SS
 .text.read_MM  0x00003fdc        0x2 peripherals.o
                0x00003fdc                read_MM
 .text.copy_gps_reading
                0x00003fde      0x1fc propagator.o
                0x00003fde                copy_gps_reading
 .text.sgp_get_acceleration
                0x000041da      0x1ec propagator.o
                0x000041da                sgp_get_acceleration
 .text.sgp_orbit_propagator
                0x000043c6      0x11e propagator.o
                0x000043c6                sgp_orbit_propagator
 .text.sun_vector_estimator
                0x000044e4      0x198 propagator.o
                0x000044e4                sun_vector_estimator
 .text.magnetic_field_estimator
                0x0000467c       0xf4 propagator.o
                0x0000467c                magnetic_field_estimator
 .text.light_cal
                0x00004770       0x42 quest.o
                0x00004770                light_cal
 .text.quest    0x000047b2      0x67c quest.o
                0x000047b2                quest
 .text.omega_estimation
                0x00004e2e      0x5ee quest.o
                0x00004e2e                omega_estimation
 .text.init_SPI
                0x0000541c       0x18 spi.o
                0x0000541c                init_SPI
 .text.poll_SS  0x00005434       0x9c sun.o
                0x00005434                poll_SS
 .text.init_UART0
                0x000054d0       0x22 uart.o
                0x000054d0                init_UART0
 .text.transmit_UART0
                0x000054f2        0x8 uart.o
                0x000054f2                transmit_UART0
 .text.receive_UART0
                0x000054fa        0x8 uart.o
                0x000054fa                receive_UART0
 .text.avr-libc.fplib
                0x00005502       0x1c c:/program files (x86)/atmel/atmel toolchain/avr8 gcc/native/3.4.1056/avr8-gnu-toolchain/bin/../lib/gcc/avr/4.8.1/../../../../avr/lib/avr51\libm.a(acos.o)
                0x00005502                acos
 .text.avr-libc.fplib
                0x0000551e        0xa c:/program files (x86)/atmel/atmel toolchain/avr8 gcc/native/3.4.1056/avr8-gnu-toolchain/bin/../lib/gcc/avr/4.8.1/../../../../avr/lib/avr51\libm.a(addsf3.o)
                0x0000551e                __subsf3
                0x00005520                __addsf3
 .text.avr-libc.fplib
                0x00005528       0xc0 c:/program files (x86)/atmel/atmel toolchain/avr8 gcc/native/3.4.1056/avr8-gnu-toolchain/bin/../lib/gcc/avr/4.8.1/../../../../avr/lib/avr51\libm.a(addsf3x.o)
                0x00005542                __addsf3x
 .text.avr-libc.fplib
                0x000055e8       0x2e c:/program files (x86)/atmel/atmel toolchain/avr8 gcc/native/3.4.1056/avr8-gnu-toolchain/bin/../lib/gcc/avr/4.8.1/../../../../avr/lib/avr51\libm.a(asin.o)
                0x000055e8                asin
 .text.avr-libc.fplib
                0x00005616       0x74 c:/program files (x86)/atmel/atmel toolchain/avr8 gcc/native/3.4.1056/avr8-gnu-toolchain/bin/../lib/gcc/avr/4.8.1/../../../../avr/lib/avr51\libm.a(atan2.o)
                0x00005634                atan2
 .text.avr-libc.fplib
                0x0000568a       0x50 c:/program files (x86)/atmel/atmel toolchain/avr8 gcc/native/3.4.1056/avr8-gnu-toolchain/bin/../lib/gcc/avr/4.8.1/../../../../avr/lib/avr51\libm.a(atan.o)
                0x0000568a                atan
 .text.avr-libc.fplib
                0x000056da        0x8 c:/program files (x86)/atmel/atmel toolchain/avr8 gcc/native/3.4.1056/avr8-gnu-toolchain/bin/../lib/gcc/avr/4.8.1/../../../../avr/lib/avr51\libm.a(cmpsf2.o)
                0x000056da                __nesf2
                0x000056da                __eqsf2
                0x000056da                __cmpsf2
                0x000056da                __ltsf2
                0x000056da                __lesf2
 .text.avr-libc.fplib
                0x000056e2        0x6 c:/program files (x86)/atmel/atmel toolchain/avr8 gcc/native/3.4.1056/avr8-gnu-toolchain/bin/../lib/gcc/avr/4.8.1/../../../../avr/lib/avr51\libm.a(cos.o)
                0x000056e2                cos
 .text.avr-libc.fplib
                0x000056e8        0x4 c:/program files (x86)/atmel/atmel toolchain/avr8 gcc/native/3.4.1056/avr8-gnu-toolchain/bin/../lib/gcc/avr/4.8.1/../../../../avr/lib/avr51\libm.a(divsf3.o)
                0x000056e8                __divsf3
 .text.avr-libc.fplib
                0x000056ec       0xcc c:/program files (x86)/atmel/atmel toolchain/avr8 gcc/native/3.4.1056/avr8-gnu-toolchain/bin/../lib/gcc/avr/4.8.1/../../../../avr/lib/avr51\libm.a(divsf3x.o)
                0x00005702                __divsf3x
                0x00005706                __divsf3_pse
 .text.avr-libc.fplib
                0x000057b8        0xa c:/program files (x86)/atmel/atmel toolchain/avr8 gcc/native/3.4.1056/avr8-gnu-toolchain/bin/../lib/gcc/avr/4.8.1/../../../../avr/lib/avr51\libm.a(fixsfsi.o)
                0x000057b8                __fixsfsi
 .text.avr-libc.fplib
                0x000057c2       0x58 c:/program files (x86)/atmel/atmel toolchain/avr8 gcc/native/3.4.1056/avr8-gnu-toolchain/bin/../lib/gcc/avr/4.8.1/../../../../avr/lib/avr51\libm.a(fixunssfsi.o)
                0x000057c2                __fixunssfsi
 .text.avr-libc.fplib
                0x0000581a       0x7a c:/program files (x86)/atmel/atmel toolchain/avr8 gcc/native/3.4.1056/avr8-gnu-toolchain/bin/../lib/gcc/avr/4.8.1/../../../../avr/lib/avr51\libm.a(floatsisf.o)
                0x0000581a                __floatunsisf
                0x0000581e                __floatsisf
 .text.avr-libc.fplib
                0x00005894       0x7c c:/program files (x86)/atmel/atmel toolchain/avr8 gcc/native/3.4.1056/avr8-gnu-toolchain/bin/../lib/gcc/avr/4.8.1/../../../../avr/lib/avr51\libm.a(floatundisf.o)
                0x00005894                __floatundisf
                0x00005896                __fp_di2sf
 .text.avr-libc.fplib
                0x00005910       0x36 c:/program files (x86)/atmel/atmel toolchain/avr8 gcc/native/3.4.1056/avr8-gnu-toolchain/bin/../lib/gcc/avr/4.8.1/../../../../avr/lib/avr51\libm.a(fp_arccos.o)
                0x00005910                __fp_arccos
 .text.avr-libc.fplib
                0x00005946       0x48 c:/program files (x86)/atmel/atmel toolchain/avr8 gcc/native/3.4.1056/avr8-gnu-toolchain/bin/../lib/gcc/avr/4.8.1/../../../../avr/lib/avr51\libm.a(fp_cmp.o)
                0x00005946                __fp_cmp
 .text.avr-libc.fplib
                0x0000598e        0xc c:/program files (x86)/atmel/atmel toolchain/avr8 gcc/native/3.4.1056/avr8-gnu-toolchain/bin/../lib/gcc/avr/4.8.1/../../../../avr/lib/avr51\libm.a(fp_inf.o)
                0x0000598e                __fp_inf
 .text.avr-libc.fplib
                0x0000599a        0x6 c:/program files (x86)/atmel/atmel toolchain/avr8 gcc/native/3.4.1056/avr8-gnu-toolchain/bin/../lib/gcc/avr/4.8.1/../../../../avr/lib/avr51\libm.a(fp_nan.o)
                0x0000599a                __fp_nan
 .text.avr-libc.fplib
                0x000059a0       0x4a c:/program files (x86)/atmel/atmel toolchain/avr8 gcc/native/3.4.1056/avr8-gnu-toolchain/bin/../lib/gcc/avr/4.8.1/../../../../avr/lib/avr51\libm.a(fp_powser.o)
                0x000059a0                __fp_powser
 .text.avr-libc.fplib
                0x000059ea       0x22 c:/program files (x86)/atmel/atmel toolchain/avr8 gcc/native/3.4.1056/avr8-gnu-toolchain/bin/../lib/gcc/avr/4.8.1/../../../../avr/lib/avr51\libm.a(fp_powsodd.o)
                0x000059ea                __fp_powsodd
 .text.avr-libc.fplib
                0x00005a0c        0xe c:/program files (x86)/atmel/atmel toolchain/avr8 gcc/native/3.4.1056/avr8-gnu-toolchain/bin/../lib/gcc/avr/4.8.1/../../../../avr/lib/avr51\libm.a(fp_pscA.o)
                0x00005a0c                __fp_pscA
 .text.avr-libc.fplib
                0x00005a1a        0xe c:/program files (x86)/atmel/atmel toolchain/avr8 gcc/native/3.4.1056/avr8-gnu-toolchain/bin/../lib/gcc/avr/4.8.1/../../../../avr/lib/avr51\libm.a(fp_pscB.o)
                0x00005a1a                __fp_pscB
 .text.avr-libc.fplib
                0x00005a28       0x50 c:/program files (x86)/atmel/atmel toolchain/avr8 gcc/native/3.4.1056/avr8-gnu-toolchain/bin/../lib/gcc/avr/4.8.1/../../../../avr/lib/avr51\libm.a(fp_rempio2.o)
                0x00005a2a                __fp_rempio2
 .text.avr-libc.fplib
                0x00005a78       0x22 c:/program files (x86)/atmel/atmel toolchain/avr8 gcc/native/3.4.1056/avr8-gnu-toolchain/bin/../lib/gcc/avr/4.8.1/../../../../avr/lib/avr51\libm.a(fp_round.o)
                0x00005a78                __fp_round
 .text.avr-libc.fplib
                0x00005a9a       0x22 c:/program files (x86)/atmel/atmel toolchain/avr8 gcc/native/3.4.1056/avr8-gnu-toolchain/bin/../lib/gcc/avr/4.8.1/../../../../avr/lib/avr51\libm.a(fp_sinus.o)
                0x00005a9a                __fp_sinus
 .text.avr-libc.fplib
                0x00005abc       0x44 c:/program files (x86)/atmel/atmel toolchain/avr8 gcc/native/3.4.1056/avr8-gnu-toolchain/bin/../lib/gcc/avr/4.8.1/../../../../avr/lib/avr51\libm.a(fp_split3.o)
                0x00005abc                __fp_split3
                0x00005acc                __fp_splitA
 .text.avr-libc.fplib
                0x00005b00        0xe c:/program files (x86)/atmel/atmel toolchain/avr8 gcc/native/3.4.1056/avr8-gnu-toolchain/bin/../lib/gcc/avr/4.8.1/../../../../avr/lib/avr51\libm.a(fp_zero.o)
                0x00005b00                __fp_zero
                0x00005b02                __fp_szero
 .text.avr-libc.fplib
                0x00005b0e        0x8 c:/program files (x86)/atmel/atmel toolchain/avr8 gcc/native/3.4.1056/avr8-gnu-toolchain/bin/../lib/gcc/avr/4.8.1/../../../../avr/lib/avr51\libm.a(gesf2.o)
                0x00005b0e                __gesf2
                0x00005b0e                __gtsf2
 .text.avr-libc.fplib
                0x00005b16        0xe c:/program files (x86)/atmel/atmel toolchain/avr8 gcc/native/3.4.1056/avr8-gnu-toolchain/bin/../lib/gcc/avr/4.8.1/../../../../avr/lib/avr51\libm.a(inverse.o)
                0x00005b16                inverse
 .text.avr-libc.fplib
                0x00005b24        0x4 c:/program files (x86)/atmel/atmel toolchain/avr8 gcc/native/3.4.1056/avr8-gnu-toolchain/bin/../lib/gcc/avr/4.8.1/../../../../avr/lib/avr51\libm.a(mulsf3.o)
                0x00005b24                __mulsf3
 .text.avr-libc.fplib
                0x00005b28       0xc2 c:/program files (x86)/atmel/atmel toolchain/avr8 gcc/native/3.4.1056/avr8-gnu-toolchain/bin/../lib/gcc/avr/4.8.1/../../../../avr/lib/avr51\libm.a(mulsf3x.o)
                0x00005b3c                __mulsf3x
                0x00005b40                __mulsf3_pse
 .text.avr-libc.fplib
                0x00005bea       0x98 c:/program files (x86)/atmel/atmel toolchain/avr8 gcc/native/3.4.1056/avr8-gnu-toolchain/bin/../lib/gcc/avr/4.8.1/../../../../avr/lib/avr51\libm.a(pow.o)
                0x00005bea                pow
 .text.avr-libc.fplib
                0x00005c82        0xc c:/program files (x86)/atmel/atmel toolchain/avr8 gcc/native/3.4.1056/avr8-gnu-toolchain/bin/../lib/gcc/avr/4.8.1/../../../../avr/lib/avr51\libm.a(sin.o)
                0x00005c82                sin
 .text.avr-libc.fplib
                0x00005c8e       0x84 c:/program files (x86)/atmel/atmel toolchain/avr8 gcc/native/3.4.1056/avr8-gnu-toolchain/bin/../lib/gcc/avr/4.8.1/../../../../avr/lib/avr51\libm.a(sqrt.o)
                0x00005c96                sqrt
 .text.avr-libc.fplib
                0x00005d12        0x6 c:/program files (x86)/atmel/atmel toolchain/avr8 gcc/native/3.4.1056/avr8-gnu-toolchain/bin/../lib/gcc/avr/4.8.1/../../../../avr/lib/avr51\libm.a(square.o)
                0x00005d12                square
 .text.avr-libc.fplib
                0x00005d18       0x62 c:/program files (x86)/atmel/atmel toolchain/avr8 gcc/native/3.4.1056/avr8-gnu-toolchain/bin/../lib/gcc/avr/4.8.1/../../../../avr/lib/avr51\libm.a(exp.o)
                0x00005d22                exp
 .text.avr-libc.fplib
                0x00005d7a       0x1c c:/program files (x86)/atmel/atmel toolchain/avr8 gcc/native/3.4.1056/avr8-gnu-toolchain/bin/../lib/gcc/avr/4.8.1/../../../../avr/lib/avr51\libm.a(fp_mpack.o)
                0x00005d7a                __fp_mpack
                0x00005d7e                __fp_mpack_finite
 .text.avr-libc.fplib
                0x00005d96        0xe c:/program files (x86)/atmel/atmel toolchain/avr8 gcc/native/3.4.1056/avr8-gnu-toolchain/bin/../lib/gcc/avr/4.8.1/../../../../avr/lib/avr51\libm.a(fp_norm2.o)
                0x00005d96                __fp_norm2
 .text.avr-libc.fplib
                0x00005da4       0x6c c:/program files (x86)/atmel/atmel toolchain/avr8 gcc/native/3.4.1056/avr8-gnu-toolchain/bin/../lib/gcc/avr/4.8.1/../../../../avr/lib/avr51\libm.a(ldexp.o)
                0x00005da8                ldexp
 .text.avr-libc.fplib
                0x00005e10       0x8a c:/program files (x86)/atmel/atmel toolchain/avr8 gcc/native/3.4.1056/avr8-gnu-toolchain/bin/../lib/gcc/avr/4.8.1/../../../../avr/lib/avr51\libm.a(log.o)
                0x00005e1a                log
 .text.avr-libc.fplib
                0x00005e9a       0x66 c:/program files (x86)/atmel/atmel toolchain/avr8 gcc/native/3.4.1056/avr8-gnu-toolchain/bin/../lib/gcc/avr/4.8.1/../../../../avr/lib/avr51\libm.a(modf.o)
                0x00005e9a                modf
                0x00005e9a                modff
 .text.libgcc.div
                0x00005f00       0x26 c:/program files (x86)/atmel/atmel toolchain/avr8 gcc/native/3.4.1056/avr8-gnu-toolchain/bin/../lib/gcc/avr/4.8.1/avr51\libgcc.a(_divmodhi4.o)
                0x00005f00                _div
                0x00005f00                __divmodhi4
 .text.libgcc.mul
                0x00005f26       0x4e c:/program files (x86)/atmel/atmel toolchain/avr8 gcc/native/3.4.1056/avr8-gnu-toolchain/bin/../lib/gcc/avr/4.8.1/avr51\libgcc.a(_umulsidi3.o)
                0x00005f26                __umulsidi3
                0x00005f28                __umulsidi3_helper
 .text.libgcc.builtins
                0x00005f74       0x32 c:/program files (x86)/atmel/atmel toolchain/avr8 gcc/native/3.4.1056/avr8-gnu-toolchain/bin/../lib/gcc/avr/4.8.1/avr51\libgcc.a(_ashldi3.o)
                0x00005f74                __ashldi3
 .text.libgcc   0x00005fa6       0x12 c:/program files (x86)/atmel/atmel toolchain/avr8 gcc/native/3.4.1056/avr8-gnu-toolchain/bin/../lib/gcc/avr/4.8.1/avr51\libgcc.a(_adddi3.o)
                0x00005fa6                __adddi3
 .text.libgcc   0x00005fb8       0x18 c:/program files (x86)/atmel/atmel toolchain/avr8 gcc/native/3.4.1056/avr8-gnu-toolchain/bin/../lib/gcc/avr/4.8.1/avr51\libgcc.a(_adddi3_s8.o)
                0x00005fb8                __adddi3_s8
 .text.libgcc   0x00005fd0       0x12 c:/program files (x86)/atmel/atmel toolchain/avr8 gcc/native/3.4.1056/avr8-gnu-toolchain/bin/../lib/gcc/avr/4.8.1/avr51\libgcc.a(_subdi3.o)
                0x00005fd0                __subdi3
 .text.libgcc   0x00005fe2       0x12 c:/program files (x86)/atmel/atmel toolchain/avr8 gcc/native/3.4.1056/avr8-gnu-toolchain/bin/../lib/gcc/avr/4.8.1/avr51\libgcc.a(_cmpdi2.o)
                0x00005fe2                __cmpdi2
 .text.libgcc.div
                0x00005ff4       0x28 c:/program files (x86)/atmel/atmel toolchain/avr8 gcc/native/3.4.1056/avr8-gnu-toolchain/bin/../lib/gcc/avr/4.8.1/avr51\libgcc.a(_udivmodhi4.o)
                0x00005ff4                __udivmodhi4
 .text.libgcc.mul
                0x0000601c       0x1e c:/program files (x86)/atmel/atmel toolchain/avr8 gcc/native/3.4.1056/avr8-gnu-toolchain/bin/../lib/gcc/avr/4.8.1/avr51\libgcc.a(_umulhisi3.o)
                0x0000601c                __umulhisi3
 .text.libgcc.mul
                0x0000603a       0x10 c:/program files (x86)/atmel/atmel toolchain/avr8 gcc/native/3.4.1056/avr8-gnu-toolchain/bin/../lib/gcc/avr/4.8.1/avr51\libgcc.a(_muldi3_6.o)
                0x0000603a                __muldi3_6
                0x0000604a                . = ALIGN (0x2)
 *(.fini9)
 .fini9         0x0000604a        0x0 c:/program files (x86)/atmel/atmel toolchain/avr8 gcc/native/3.4.1056/avr8-gnu-toolchain/bin/../lib/gcc/avr/4.8.1/avr51\libgcc.a(_exit.o)
                0x0000604a                _exit
                0x0000604a                exit
 *(.fini9)
 *(.fini8)
 *(.fini8)
 *(.fini7)
 *(.fini7)
 *(.fini6)
 *(.fini6)
 *(.fini5)
 *(.fini5)
 *(.fini4)
 *(.fini4)
 *(.fini3)
 *(.fini3)
 *(.fini2)
 *(.fini2)
 *(.fini1)
 *(.fini1)
 *(.fini0)
 .fini0         0x0000604a        0x4 c:/program files (x86)/atmel/atmel toolchain/avr8 gcc/native/3.4.1056/avr8-gnu-toolchain/bin/../lib/gcc/avr/4.8.1/avr51\libgcc.a(_exit.o)
 *(.fini0)
                0x0000604e                _etext = .

.data           0x00800100       0xda load address 0x0000604e
                0x00800100                PROVIDE (__data_start, .)
 *(.data)
 .data          0x00800100        0x0 c:/program files (x86)/atmel/atmel toolchain/avr8 gcc/native/3.4.1056/avr8-gnu-toolchain/bin/../lib/gcc/avr/4.8.1/../../../../avr/lib/avr51/crtm128.o
 .data          0x00800100        0x0 controller.o
 .data          0x00800100        0x0 frame.o
 .data          0x00800100        0x0 gps.o
 .data          0x00800100        0x0 hm.o
 .data          0x00800100        0x0 igrf.o
 .data          0x00800100        0x0 mag.o
 .data          0x00800100        0x0 master.o
 .data          0x00800100        0x0 mathutil.o
 .data          0x00800100        0x0 peripherals.o
 .data          0x00800100        0x0 propagator.o
 .data          0x00800100        0x0 quest.o
 .data          0x00800100        0x0 spi.o
 .data          0x00800100        0x0 sun.o
 .data          0x00800100        0x0 timer.o
 .data          0x00800100        0x0 twi.o
 .data          0x00800100        0x0 uart.o
 .data          0x00800100        0x0 c:/program files (x86)/atmel/atmel toolchain/avr8 gcc/native/3.4.1056/avr8-gnu-toolchain/bin/../lib/gcc/avr/4.8.1/../../../../avr/lib/avr51\libm.a(acos.o)
 .data          0x00800100        0x0 c:/program files (x86)/atmel/atmel toolchain/avr8 gcc/native/3.4.1056/avr8-gnu-toolchain/bin/../lib/gcc/avr/4.8.1/../../../../avr/lib/avr51\libm.a(addsf3.o)
 .data          0x00800100        0x0 c:/program files (x86)/atmel/atmel toolchain/avr8 gcc/native/3.4.1056/avr8-gnu-toolchain/bin/../lib/gcc/avr/4.8.1/../../../../avr/lib/avr51\libm.a(addsf3x.o)
 .data          0x00800100        0x0 c:/program files (x86)/atmel/atmel toolchain/avr8 gcc/native/3.4.1056/avr8-gnu-toolchain/bin/../lib/gcc/avr/4.8.1/../../../../avr/lib/avr51\libm.a(asin.o)
 .data          0x00800100        0x0 c:/program files (x86)/atmel/atmel toolchain/avr8 gcc/native/3.4.1056/avr8-gnu-toolchain/bin/../lib/gcc/avr/4.8.1/../../../../avr/lib/avr51\libm.a(atan2.o)
 .data          0x00800100        0x0 c:/program files (x86)/atmel/atmel toolchain/avr8 gcc/native/3.4.1056/avr8-gnu-toolchain/bin/../lib/gcc/avr/4.8.1/../../../../avr/lib/avr51\libm.a(atan.o)
 .data          0x00800100        0x0 c:/program files (x86)/atmel/atmel toolchain/avr8 gcc/native/3.4.1056/avr8-gnu-toolchain/bin/../lib/gcc/avr/4.8.1/../../../../avr/lib/avr51\libm.a(cmpsf2.o)
 .data          0x00800100        0x0 c:/program files (x86)/atmel/atmel toolchain/avr8 gcc/native/3.4.1056/avr8-gnu-toolchain/bin/../lib/gcc/avr/4.8.1/../../../../avr/lib/avr51\libm.a(cos.o)
 .data          0x00800100        0x0 c:/program files (x86)/atmel/atmel toolchain/avr8 gcc/native/3.4.1056/avr8-gnu-toolchain/bin/../lib/gcc/avr/4.8.1/../../../../avr/lib/avr51\libm.a(divsf3.o)
 .data          0x00800100        0x0 c:/program files (x86)/atmel/atmel toolchain/avr8 gcc/native/3.4.1056/avr8-gnu-toolchain/bin/../lib/gcc/avr/4.8.1/../../../../avr/lib/avr51\libm.a(divsf3x.o)
 .data          0x00800100        0x0 c:/program files (x86)/atmel/atmel toolchain/avr8 gcc/native/3.4.1056/avr8-gnu-toolchain/bin/../lib/gcc/avr/4.8.1/../../../../avr/lib/avr51\libm.a(fixsfsi.o)
 .data          0x00800100        0x0 c:/program files (x86)/atmel/atmel toolchain/avr8 gcc/native/3.4.1056/avr8-gnu-toolchain/bin/../lib/gcc/avr/4.8.1/../../../../avr/lib/avr51\libm.a(fixunssfsi.o)
 .data          0x00800100        0x0 c:/program files (x86)/atmel/atmel toolchain/avr8 gcc/native/3.4.1056/avr8-gnu-toolchain/bin/../lib/gcc/avr/4.8.1/../../../../avr/lib/avr51\libm.a(floatsisf.o)
 .data          0x00800100        0x0 c:/program files (x86)/atmel/atmel toolchain/avr8 gcc/native/3.4.1056/avr8-gnu-toolchain/bin/../lib/gcc/avr/4.8.1/../../../../avr/lib/avr51\libm.a(floatundisf.o)
 .data          0x00800100        0x0 c:/program files (x86)/atmel/atmel toolchain/avr8 gcc/native/3.4.1056/avr8-gnu-toolchain/bin/../lib/gcc/avr/4.8.1/../../../../avr/lib/avr51\libm.a(fp_arccos.o)
 .data          0x00800100        0x0 c:/program files (x86)/atmel/atmel toolchain/avr8 gcc/native/3.4.1056/avr8-gnu-toolchain/bin/../lib/gcc/avr/4.8.1/../../../../avr/lib/avr51\libm.a(fp_cmp.o)
 .data          0x00800100        0x0 c:/program files (x86)/atmel/atmel toolchain/avr8 gcc/native/3.4.1056/avr8-gnu-toolchain/bin/../lib/gcc/avr/4.8.1/../../../../avr/lib/avr51\libm.a(fp_inf.o)
 .data          0x00800100        0x0 c:/program files (x86)/atmel/atmel toolchain/avr8 gcc/native/3.4.1056/avr8-gnu-toolchain/bin/../lib/gcc/avr/4.8.1/../../../../avr/lib/avr51\libm.a(fp_nan.o)
 .data          0x00800100        0x0 c:/program files (x86)/atmel/atmel toolchain/avr8 gcc/native/3.4.1056/avr8-gnu-toolchain/bin/../lib/gcc/avr/4.8.1/../../../../avr/lib/avr51\libm.a(fp_powser.o)
 .data          0x00800100        0x0 c:/program files (x86)/atmel/atmel toolchain/avr8 gcc/native/3.4.1056/avr8-gnu-toolchain/bin/../lib/gcc/avr/4.8.1/../../../../avr/lib/avr51\libm.a(fp_powsodd.o)
 .data          0x00800100        0x0 c:/program files (x86)/atmel/atmel toolchain/avr8 gcc/native/3.4.1056/avr8-gnu-toolchain/bin/../lib/gcc/avr/4.8.1/../../../../avr/lib/avr51\libm.a(fp_pscA.o)
 .data          0x00800100        0x0 c:/program files (x86)/atmel/atmel toolchain/avr8 gcc/native/3.4.1056/avr8-gnu-toolchain/bin/../lib/gcc/avr/4.8.1/../../../../avr/lib/avr51\libm.a(fp_pscB.o)
 .data          0x00800100        0x0 c:/program files (x86)/atmel/atmel toolchain/avr8 gcc/native/3.4.1056/avr8-gnu-toolchain/bin/../lib/gcc/avr/4.8.1/../../../../avr/lib/avr51\libm.a(fp_rempio2.o)
 .data          0x00800100        0x0 c:/program files (x86)/atmel/atmel toolchain/avr8 gcc/native/3.4.1056/avr8-gnu-toolchain/bin/../lib/gcc/avr/4.8.1/../../../../avr/lib/avr51\libm.a(fp_round.o)
 .data          0x00800100        0x0 c:/program files (x86)/atmel/atmel toolchain/avr8 gcc/native/3.4.1056/avr8-gnu-toolchain/bin/../lib/gcc/avr/4.8.1/../../../../avr/lib/avr51\libm.a(fp_sinus.o)
 .data          0x00800100        0x0 c:/program files (x86)/atmel/atmel toolchain/avr8 gcc/native/3.4.1056/avr8-gnu-toolchain/bin/../lib/gcc/avr/4.8.1/../../../../avr/lib/avr51\libm.a(fp_split3.o)
 .data          0x00800100        0x0 c:/program files (x86)/atmel/atmel toolchain/avr8 gcc/native/3.4.1056/avr8-gnu-toolchain/bin/../lib/gcc/avr/4.8.1/../../../../avr/lib/avr51\libm.a(fp_zero.o)
 .data          0x00800100        0x0 c:/program files (x86)/atmel/atmel toolchain/avr8 gcc/native/3.4.1056/avr8-gnu-toolchain/bin/../lib/gcc/avr/4.8.1/../../../../avr/lib/avr51\libm.a(gesf2.o)
 .data          0x00800100        0x0 c:/program files (x86)/atmel/atmel toolchain/avr8 gcc/native/3.4.1056/avr8-gnu-toolchain/bin/../lib/gcc/avr/4.8.1/../../../../avr/lib/avr51\libm.a(inverse.o)
 .data          0x00800100        0x0 c:/program files (x86)/atmel/atmel toolchain/avr8 gcc/native/3.4.1056/avr8-gnu-toolchain/bin/../lib/gcc/avr/4.8.1/../../../../avr/lib/avr51\libm.a(mulsf3.o)
 .data          0x00800100        0x0 c:/program files (x86)/atmel/atmel toolchain/avr8 gcc/native/3.4.1056/avr8-gnu-toolchain/bin/../lib/gcc/avr/4.8.1/../../../../avr/lib/avr51\libm.a(mulsf3x.o)
 .data          0x00800100        0x0 c:/program files (x86)/atmel/atmel toolchain/avr8 gcc/native/3.4.1056/avr8-gnu-toolchain/bin/../lib/gcc/avr/4.8.1/../../../../avr/lib/avr51\libm.a(pow.o)
 .data          0x00800100        0x0 c:/program files (x86)/atmel/atmel toolchain/avr8 gcc/native/3.4.1056/avr8-gnu-toolchain/bin/../lib/gcc/avr/4.8.1/../../../../avr/lib/avr51\libm.a(sin.o)
 .data          0x00800100        0x0 c:/program files (x86)/atmel/atmel toolchain/avr8 gcc/native/3.4.1056/avr8-gnu-toolchain/bin/../lib/gcc/avr/4.8.1/../../../../avr/lib/avr51\libm.a(sqrt.o)
 .data          0x00800100        0x0 c:/program files (x86)/atmel/atmel toolchain/avr8 gcc/native/3.4.1056/avr8-gnu-toolchain/bin/../lib/gcc/avr/4.8.1/../../../../avr/lib/avr51\libm.a(square.o)
 .data          0x00800100        0x0 c:/program files (x86)/atmel/atmel toolchain/avr8 gcc/native/3.4.1056/avr8-gnu-toolchain/bin/../lib/gcc/avr/4.8.1/../../../../avr/lib/avr51\libm.a(exp.o)
 .data          0x00800100        0x0 c:/program files (x86)/atmel/atmel toolchain/avr8 gcc/native/3.4.1056/avr8-gnu-toolchain/bin/../lib/gcc/avr/4.8.1/../../../../avr/lib/avr51\libm.a(fp_mpack.o)
 .data          0x00800100        0x0 c:/program files (x86)/atmel/atmel toolchain/avr8 gcc/native/3.4.1056/avr8-gnu-toolchain/bin/../lib/gcc/avr/4.8.1/../../../../avr/lib/avr51\libm.a(fp_norm2.o)
 .data          0x00800100        0x0 c:/program files (x86)/atmel/atmel toolchain/avr8 gcc/native/3.4.1056/avr8-gnu-toolchain/bin/../lib/gcc/avr/4.8.1/../../../../avr/lib/avr51\libm.a(ldexp.o)
 .data          0x00800100        0x0 c:/program files (x86)/atmel/atmel toolchain/avr8 gcc/native/3.4.1056/avr8-gnu-toolchain/bin/../lib/gcc/avr/4.8.1/../../../../avr/lib/avr51\libm.a(log.o)
 .data          0x00800100        0x0 c:/program files (x86)/atmel/atmel toolchain/avr8 gcc/native/3.4.1056/avr8-gnu-toolchain/bin/../lib/gcc/avr/4.8.1/../../../../avr/lib/avr51\libm.a(modf.o)
 .data          0x00800100        0x0 c:/program files (x86)/atmel/atmel toolchain/avr8 gcc/native/3.4.1056/avr8-gnu-toolchain/bin/../lib/gcc/avr/4.8.1/avr51\libgcc.a(_divmodhi4.o)
 .data          0x00800100        0x0 c:/program files (x86)/atmel/atmel toolchain/avr8 gcc/native/3.4.1056/avr8-gnu-toolchain/bin/../lib/gcc/avr/4.8.1/avr51\libgcc.a(_exit.o)
 .data          0x00800100        0x0 c:/program files (x86)/atmel/atmel toolchain/avr8 gcc/native/3.4.1056/avr8-gnu-toolchain/bin/../lib/gcc/avr/4.8.1/avr51\libgcc.a(_copy_data.o)
 .data          0x00800100        0x0 c:/program files (x86)/atmel/atmel toolchain/avr8 gcc/native/3.4.1056/avr8-gnu-toolchain/bin/../lib/gcc/avr/4.8.1/avr51\libgcc.a(_clear_bss.o)
 .data          0x00800100        0x0 c:/program files (x86)/atmel/atmel toolchain/avr8 gcc/native/3.4.1056/avr8-gnu-toolchain/bin/../lib/gcc/avr/4.8.1/avr51\libgcc.a(_umulsidi3.o)
 .data          0x00800100        0x0 c:/program files (x86)/atmel/atmel toolchain/avr8 gcc/native/3.4.1056/avr8-gnu-toolchain/bin/../lib/gcc/avr/4.8.1/avr51\libgcc.a(_udivdi3.o)
 .data          0x00800100        0x0 c:/program files (x86)/atmel/atmel toolchain/avr8 gcc/native/3.4.1056/avr8-gnu-toolchain/bin/../lib/gcc/avr/4.8.1/avr51\libgcc.a(_udivmod64.o)
 .data          0x00800100        0x0 c:/program files (x86)/atmel/atmel toolchain/avr8 gcc/native/3.4.1056/avr8-gnu-toolchain/bin/../lib/gcc/avr/4.8.1/avr51\libgcc.a(_ashldi3.o)
 .data          0x00800100        0x0 c:/program files (x86)/atmel/atmel toolchain/avr8 gcc/native/3.4.1056/avr8-gnu-toolchain/bin/../lib/gcc/avr/4.8.1/avr51\libgcc.a(_adddi3.o)
 .data          0x00800100        0x0 c:/program files (x86)/atmel/atmel toolchain/avr8 gcc/native/3.4.1056/avr8-gnu-toolchain/bin/../lib/gcc/avr/4.8.1/avr51\libgcc.a(_adddi3_s8.o)
 .data          0x00800100        0x0 c:/program files (x86)/atmel/atmel toolchain/avr8 gcc/native/3.4.1056/avr8-gnu-toolchain/bin/../lib/gcc/avr/4.8.1/avr51\libgcc.a(_subdi3.o)
 .data          0x00800100        0x0 c:/program files (x86)/atmel/atmel toolchain/avr8 gcc/native/3.4.1056/avr8-gnu-toolchain/bin/../lib/gcc/avr/4.8.1/avr51\libgcc.a(_cmpdi2.o)
 .data          0x00800100        0x0 c:/program files (x86)/atmel/atmel toolchain/avr8 gcc/native/3.4.1056/avr8-gnu-toolchain/bin/../lib/gcc/avr/4.8.1/avr51\libgcc.a(_cmpdi2_s8.o)
 .data          0x00800100        0x0 c:/program files (x86)/atmel/atmel toolchain/avr8 gcc/native/3.4.1056/avr8-gnu-toolchain/bin/../lib/gcc/avr/4.8.1/avr51\libgcc.a(_udivmodhi4.o)
 .data          0x00800100        0x0 c:/program files (x86)/atmel/atmel toolchain/avr8 gcc/native/3.4.1056/avr8-gnu-toolchain/bin/../lib/gcc/avr/4.8.1/avr51\libgcc.a(_umulhisi3.o)
 .data          0x00800100        0x0 c:/program files (x86)/atmel/atmel toolchain/avr8 gcc/native/3.4.1056/avr8-gnu-toolchain/bin/../lib/gcc/avr/4.8.1/avr51\libgcc.a(_muldi3_6.o)
 .data          0x00800100        0x0 c:/program files (x86)/atmel/atmel toolchain/avr8 gcc/native/3.4.1056/avr8-gnu-toolchain/bin/../lib/gcc/avr/4.8.1/../../../../avr/lib/avr51\libc.a(sprintf.o)
 .data          0x00800100        0x0 c:/program files (x86)/atmel/atmel toolchain/avr8 gcc/native/3.4.1056/avr8-gnu-toolchain/bin/../lib/gcc/avr/4.8.1/../../../../avr/lib/avr51\libc.a(vfprintf_std.o)
 .data          0x00800100        0x0 c:/program files (x86)/atmel/atmel toolchain/avr8 gcc/native/3.4.1056/avr8-gnu-toolchain/bin/../lib/gcc/avr/4.8.1/../../../../avr/lib/avr51\libc.a(strnlen_P.o)
 .data          0x00800100        0x0 c:/program files (x86)/atmel/atmel toolchain/avr8 gcc/native/3.4.1056/avr8-gnu-toolchain/bin/../lib/gcc/avr/4.8.1/../../../../avr/lib/avr51\libc.a(strnlen.o)
 .data          0x00800100        0x0 c:/program files (x86)/atmel/atmel toolchain/avr8 gcc/native/3.4.1056/avr8-gnu-toolchain/bin/../lib/gcc/avr/4.8.1/../../../../avr/lib/avr51\libc.a(fputc.o)
 .data          0x00800100        0x0 c:/program files (x86)/atmel/atmel toolchain/avr8 gcc/native/3.4.1056/avr8-gnu-toolchain/bin/../lib/gcc/avr/4.8.1/../../../../avr/lib/avr51\libc.a(ultoa_invert.o)
 *(.data*)
 .data.gps_start
                0x00800100        0x4 controller.o
                0x00800100                gps_start
 .data.eclipse_time
                0x00800104        0x4 controller.o
                0x00800104                eclipse_time
 .data.num      0x00800108        0x2 controller.o
                0x00800108                num
 .data.tol_time
                0x0080010a        0x2 controller.o
                0x0080010a                tol_time
 .data.first_B  0x0080010c        0x1 controller.o
 .data.time     0x0080010d        0x1 gps.o
 .data.geo      0x0080010e        0x1 gps.o
 .data.dop      0x0080010f        0x1 gps.o
 .data.vel      0x00800110        0x1 gps.o
 .data.pos      0x00800111        0x1 gps.o
 .data.Mode     0x00800112        0x1 master.o
                0x00800112                Mode
 .data.GPS_done
                0x00800113        0x1 master.o
                0x00800113                GPS_done
 .data.light_prev.1997
                0x00800114        0x1 quest.o
 *(.rodata)
 *(.rodata*)
 .rodata.m_Kd   0x00800115       0x24 controller.o
 .rodata.m_Ki   0x00800139       0x24 controller.o
 .rodata.m_Kp   0x0080015d       0x24 controller.o
 .rodata.CSWTCH.8
                0x00800181       0x58 frame.o
 *(.gnu.linkonce.d*)
                0x008001da                . = ALIGN (0x2)
 *fill*         0x008001d9        0x1 
                0x008001da                _edata = .
                0x008001da                PROVIDE (__data_end, .)

.bss            0x008001da      0x37c
                0x008001da                PROVIDE (__bss_start, .)
 *(.bss)
 *(.bss*)
 .bss.v_B_old.2069
                0x008001da        0xc controller.o
 .bss.v_m_temp  0x008001e6        0xc controller.o
                0x008001e6                v_m_temp
 .bss.time_l    0x008001f2        0x2 controller.o
                0x008001f2                time_l
 .bss.time_e    0x008001f4        0x2 controller.o
                0x008001f4                time_e
 .bss.gps_power
                0x008001f6        0x2 controller.o
                0x008001f6                gps_power
 .bss.flag_on   0x008001f8        0x2 controller.o
                0x008001f8                flag_on
 .bss.avg_md_new
                0x008001fa        0x4 controller.o
                0x008001fa                avg_md_new
 .bss.avg_md    0x008001fe        0x4 controller.o
                0x008001fe                avg_md
 .bss.md_start  0x00800202        0x4 controller.o
                0x00800202                md_start
 .bss.norm_m_d  0x00800206        0x4 controller.o
                0x00800206                norm_m_d
 .bss.start_time
                0x0080020a        0x2 controller.o
                0x0080020a                start_time
 .bss.star_flag
                0x0080020c        0x1 controller.o
                0x0080020c                star_flag
 .bss.t_now     0x0080020d        0x8 controller.o
                0x0080020d                t_now
 .bss.flag_D    0x00800215        0x2 controller.o
                0x00800215                flag_D
 .bss.flag_N    0x00800217        0x2 controller.o
                0x00800217                flag_N
 .bss.w_ctrl    0x00800219        0x1 controller.o
 .bss.light     0x0080021a        0x1 controller.o
 .bss.q_o       0x0080021b       0x10 controller.o
 .bss.v_ieu     0x0080022b        0xc controller.o
 .bss.v_w       0x00800237        0xc controller.o
 .bss.v_B       0x00800243        0xc controller.o
 .bss.message_end
                0x0080024f        0x1 gps.o
 .bss.last_byte
                0x00800250        0x1 gps.o
 .bss.buffer    0x00800251        0x4 gps.o
 .bss.sl        0x00800255       0x3c igrf.o
 .bss.cl        0x00800291       0x3c igrf.o
 .bss.q         0x008002cd       0xc8 igrf.o
 .bss.p         0x00800395       0xc8 igrf.o
 .bss.v_v_ecef.2029
                0x0080045d        0xc propagator.o
 .bss.v_r_ecef.2028
                0x00800469        0xc propagator.o
 .bss.frtm      0x00800475        0x4 propagator.o
 .bss.v_v       0x00800479        0xc propagator.o
 .bss.r_ecef_ash
                0x00800485        0xc propagator.o
 .bss.v_r       0x00800491        0xc propagator.o
 .bss.time_since_light.1996
                0x0080049d        0x2 quest.o
 .bss.v_w_old   0x0080049f        0xc quest.o
 .bss.q_B_old   0x008004ab       0x10 quest.o
 *(COMMON)
 COMMON         0x008004bb        0x8 controller.o
                0x008004bb                x
                0x008004bf                mod_w
 COMMON         0x008004c3       0x10 frame.o
                0x008004c3                seconds_since_pivot
                0x008004cb                seconds_since_equinox
 COMMON         0x008004d3       0x77 master.o
                0x008004d3                Current_state
                0x00800542                Time
 COMMON         0x0080054a        0xc propagator.o
                0x0080054a                v_sat
                0x00800556                PROVIDE (__bss_end, .)
                0x0000604e                __data_load_start = LOADADDR (.data)
                0x00006128                __data_load_end = (__data_load_start + SIZEOF (.data))

.noinit         0x00800556        0x0
                0x00800556                PROVIDE (__noinit_start, .)
 *(.noinit*)
                0x00800556                PROVIDE (__noinit_end, .)
                0x00800556                _end = .
                0x00800556                PROVIDE (__heap_start, .)

.eeprom         0x00810000        0x0
 *(.eeprom*)
                0x00810000                __eeprom_end = .

.fuse
 *(.fuse)
 *(.lfuse)
 *(.hfuse)
 *(.efuse)

.lock
 *(.lock*)

.signature
 *(.signature*)

.user_signatures
 *(.user_signatures*)

.stab
 *(.stab)

.stabstr
 *(.stabstr)

.stab.excl
 *(.stab.excl)

.stab.exclstr
 *(.stab.exclstr)

.stab.index
 *(.stab.index)

.stab.indexstr
 *(.stab.indexstr)

.comment        0x00000000       0x5c
 *(.comment)
 .comment       0x00000000       0x30 controller.o
                                 0x31 (size before relaxing)
 .comment       0x00000000       0x31 frame.o
 .comment       0x00000000       0x31 gps.o
 .comment       0x00000000       0x31 hm.o
 .comment       0x00000000       0x31 igrf.o
 .comment       0x00000000       0x31 mag.o
 .comment       0x00000000       0x31 master.o
 .comment       0x00000000       0x31 mathutil.o
 .comment       0x00000000       0x31 peripherals.o
 .comment       0x00000000       0x31 propagator.o
 .comment       0x00000000       0x31 quest.o
 .comment       0x00000000       0x31 spi.o
 .comment       0x00000000       0x31 sun.o
 .comment       0x00000000       0x31 timer.o
 .comment       0x00000000       0x31 twi.o
 .comment       0x00000000       0x31 uart.o
 .comment       0x00000000       0x31 c:/program files (x86)/atmel/atmel toolchain/avr8 gcc/native/3.4.1056/avr8-gnu-toolchain/bin/../lib/gcc/avr/4.8.1/../../../../avr/lib/avr51\libc.a(sprintf.o)
 .comment       0x00000030       0x2c c:/program files (x86)/atmel/atmel toolchain/avr8 gcc/native/3.4.1056/avr8-gnu-toolchain/bin/../lib/gcc/avr/4.8.1/../../../../avr/lib/avr51\libc.a(vfprintf_std.o)
                                 0x2d (size before relaxing)
 .comment       0x00000000       0x31 c:/program files (x86)/atmel/atmel toolchain/avr8 gcc/native/3.4.1056/avr8-gnu-toolchain/bin/../lib/gcc/avr/4.8.1/../../../../avr/lib/avr51\libc.a(fputc.o)

.note.gnu.build-id
 *(.note.gnu.build-id)

.debug
 *(.debug)

.line
 *(.line)

.debug_srcinfo
 *(.debug_srcinfo)

.debug_sfnames
 *(.debug_sfnames)

.debug_aranges  0x00000000      0x3c8
 *(.debug_aranges)
 .debug_aranges
                0x00000000       0x38 controller.o
 .debug_aranges
                0x00000038       0x58 frame.o
 .debug_aranges
                0x00000090       0x28 gps.o
 .debug_aranges
                0x000000b8       0x28 hm.o
 .debug_aranges
                0x000000e0       0x20 igrf.o
 .debug_aranges
                0x00000100       0x40 mag.o
 .debug_aranges
                0x00000140       0x28 master.o
 .debug_aranges
                0x00000168       0x78 mathutil.o
 .debug_aranges
                0x000001e0       0x58 peripherals.o
 .debug_aranges
                0x00000238       0x40 propagator.o
 .debug_aranges
                0x00000278       0x30 quest.o
 .debug_aranges
                0x000002a8       0x40 spi.o
 .debug_aranges
                0x000002e8       0x28 sun.o
 .debug_aranges
                0x00000310       0x30 timer.o
 .debug_aranges
                0x00000340       0x30 twi.o
 .debug_aranges
                0x00000370       0x58 uart.o

.debug_pubnames
 *(.debug_pubnames)

.debug_info     0x00000000     0x5bda
 *(.debug_info .gnu.linkonce.wi.*)
 .debug_info    0x00000000      0xe5a controller.o
 .debug_info    0x00000e5a      0xcb2 frame.o
 .debug_info    0x00001b0c      0x46c gps.o
 .debug_info    0x00001f78      0x3df hm.o
 .debug_info    0x00002357      0x4f9 igrf.o
 .debug_info    0x00002850      0x612 mag.o
 .debug_info    0x00002e62      0x50a master.o
 .debug_info    0x0000336c      0x422 mathutil.o
 .debug_info    0x0000378e      0x47b peripherals.o
 .debug_info    0x00003c09      0xad5 propagator.o
 .debug_info    0x000046de      0xaf5 quest.o
 .debug_info    0x000051d3      0x149 spi.o
 .debug_info    0x0000531c      0x483 sun.o
 .debug_info    0x0000579f       0xe4 timer.o
 .debug_info    0x00005883      0x1b5 twi.o
 .debug_info    0x00005a38      0x1a2 uart.o

.debug_abbrev   0x00000000     0x16c8
 *(.debug_abbrev)
 .debug_abbrev  0x00000000      0x27c controller.o
 .debug_abbrev  0x0000027c      0x262 frame.o
 .debug_abbrev  0x000004de      0x100 gps.o
 .debug_abbrev  0x000005de      0x130 hm.o
 .debug_abbrev  0x0000070e      0x131 igrf.o
 .debug_abbrev  0x0000083f      0x1e5 mag.o
 .debug_abbrev  0x00000a24      0x1ac master.o
 .debug_abbrev  0x00000bd0      0x14a mathutil.o
 .debug_abbrev  0x00000d1a      0x101 peripherals.o
 .debug_abbrev  0x00000e1b      0x1f9 propagator.o
 .debug_abbrev  0x00001014      0x1b2 quest.o
 .debug_abbrev  0x000011c6       0xca spi.o
 .debug_abbrev  0x00001290      0x180 sun.o
 .debug_abbrev  0x00001410       0xaa timer.o
 .debug_abbrev  0x000014ba      0x123 twi.o
 .debug_abbrev  0x000015dd       0xeb uart.o

.debug_line     0x00000000     0x27d5
 *(.debug_line .debug_line.* .debug_line_end)
 .debug_line    0x00000000      0x586 controller.o
 .debug_line    0x00000586      0x31a frame.o
 .debug_line    0x000008a0      0x3be gps.o
 .debug_line    0x00000c5e       0xf8 hm.o
 .debug_line    0x00000d56      0x28a igrf.o
 .debug_line    0x00000fe0      0x299 mag.o
 .debug_line    0x00001279      0x1e7 master.o
 .debug_line    0x00001460      0x28e mathutil.o
 .debug_line    0x000016ee      0x226 peripherals.o
 .debug_line    0x00001914      0x2ae propagator.o
 .debug_line    0x00001bc2      0x39b quest.o
 .debug_line    0x00001f5d      0x15b spi.o
 .debug_line    0x000020b8      0x155 sun.o
 .debug_line    0x0000220d      0x141 timer.o
 .debug_line    0x0000234e      0x280 twi.o
 .debug_line    0x000025ce      0x207 uart.o

.debug_frame    0x00000000      0xee4
 *(.debug_frame)
 .debug_frame   0x00000000      0x1cc controller.o
 .debug_frame   0x000001cc      0x2d8 frame.o
 .debug_frame   0x000004a4       0x58 gps.o
 .debug_frame   0x000004fc       0x40 hm.o
 .debug_frame   0x0000053c       0x84 igrf.o
 .debug_frame   0x000005c0       0xc0 mag.o
 .debug_frame   0x00000680       0x5c master.o
 .debug_frame   0x000006dc      0x2cc mathutil.o
 .debug_frame   0x000009a8       0x94 peripherals.o
 .debug_frame   0x00000a3c      0x1ac propagator.o
 .debug_frame   0x00000be8      0x11c quest.o
 .debug_frame   0x00000d04       0x64 spi.o
 .debug_frame   0x00000d68       0x54 sun.o
 .debug_frame   0x00000dbc       0x44 timer.o
 .debug_frame   0x00000e00       0x44 twi.o
 .debug_frame   0x00000e44       0xa0 uart.o

.debug_str      0x00000000      0xb6b
 *(.debug_str)
 .debug_str     0x00000000      0x4d1 controller.o
                                0x590 (size before relaxing)
 .debug_str     0x000004d1      0x132 frame.o
                                0x403 (size before relaxing)
 .debug_str     0x00000603       0x57 gps.o
                                0x2d8 (size before relaxing)
 .debug_str     0x0000065a       0x46 hm.o
                                0x2ab (size before relaxing)
 .debug_str     0x000006a0       0x4e igrf.o
                                0x1d8 (size before relaxing)
 .debug_str     0x000006ee       0x56 mag.o
                                0x2dc (size before relaxing)
 .debug_str     0x00000744       0x76 master.o
                                0x33c (size before relaxing)
 .debug_str     0x000007ba       0x86 mathutil.o
                                0x275 (size before relaxing)
 .debug_str     0x00000840       0x71 peripherals.o
                                0x30b (size before relaxing)
 .debug_str     0x000008b1       0xba propagator.o
                                0x444 (size before relaxing)
 .debug_str     0x0000096b       0xcd quest.o
                                0x419 (size before relaxing)
 .debug_str     0x00000a38       0x59 spi.o
                                0x1c0 (size before relaxing)
 .debug_str     0x00000a91       0x20 sun.o
                                0x2b7 (size before relaxing)
 .debug_str     0x00000ab1       0x32 timer.o
                                0x19a (size before relaxing)
 .debug_str     0x00000ae3       0x28 twi.o
                                0x1d4 (size before relaxing)
 .debug_str     0x00000b0b       0x60 uart.o
                                0x1f2 (size before relaxing)

.debug_loc      0x00000000     0x4540
 *(.debug_loc)
 .debug_loc     0x00000000      0x772 controller.o
 .debug_loc     0x00000772     0x1196 frame.o
 .debug_loc     0x00001908       0x70 gps.o
 .debug_loc     0x00001978       0x43 hm.o
 .debug_loc     0x000019bb      0xb6f igrf.o
 .debug_loc     0x0000252a      0x245 mag.o
 .debug_loc     0x0000276f       0x7d master.o
 .debug_loc     0x000027ec      0xbb2 mathutil.o
 .debug_loc     0x0000339e       0x42 peripherals.o
 .debug_loc     0x000033e0      0x5ef propagator.o
 .debug_loc     0x000039cf      0x825 quest.o
 .debug_loc     0x000041f4       0xb3 spi.o
 .debug_loc     0x000042a7       0xb2 sun.o
 .debug_loc     0x00004359       0x26 timer.o
 .debug_loc     0x0000437f      0x100 twi.o
 .debug_loc     0x0000447f       0xc1 uart.o

.debug_macinfo
 *(.debug_macinfo)

.debug_weaknames
 *(.debug_weaknames)

.debug_funcnames
 *(.debug_funcnames)

.debug_typenames
 *(.debug_typenames)

.debug_varnames
 *(.debug_varnames)

.debug_pubtypes
 *(.debug_pubtypes)

.debug_ranges   0x00000000      0x2e0
 *(.debug_ranges)
 .debug_ranges  0x00000000       0x28 controller.o
 .debug_ranges  0x00000028       0x60 frame.o
 .debug_ranges  0x00000088       0x18 gps.o
 .debug_ranges  0x000000a0       0x18 hm.o
 .debug_ranges  0x000000b8       0x10 igrf.o
 .debug_ranges  0x000000c8       0x30 mag.o
 .debug_ranges  0x000000f8       0x18 master.o
 .debug_ranges  0x00000110       0x68 mathutil.o
 .debug_ranges  0x00000178       0x48 peripherals.o
 .debug_ranges  0x000001c0       0x30 propagator.o
 .debug_ranges  0x000001f0       0x20 quest.o
 .debug_ranges  0x00000210       0x30 spi.o
 .debug_ranges  0x00000240       0x18 sun.o
 .debug_ranges  0x00000258       0x20 timer.o
 .debug_ranges  0x00000278       0x20 twi.o
 .debug_ranges  0x00000298       0x48 uart.o

.debug_macro
 *(.debug_macro)
OUTPUT(nominal2.elf elf32-avr)
LOAD linker stubs
