Archive member included because of file (symbol)

c:/program files (x86)/atmel/atmel toolchain/avr8 gcc/native/3.4.1056/avr8-gnu-toolchain/bin/../lib/gcc/avr/4.8.1/../../../../avr/lib/avr51\libm.a(acos.o)
                              propagator.o (acos)
c:/program files (x86)/atmel/atmel toolchain/avr8 gcc/native/3.4.1056/avr8-gnu-toolchain/bin/../lib/gcc/avr/4.8.1/../../../../avr/lib/avr51\libm.a(addsf3.o)
                              controller.o (__subsf3)
c:/program files (x86)/atmel/atmel toolchain/avr8 gcc/native/3.4.1056/avr8-gnu-toolchain/bin/../lib/gcc/avr/4.8.1/../../../../avr/lib/avr51\libm.a(addsf3x.o)
                              c:/program files (x86)/atmel/atmel toolchain/avr8 gcc/native/3.4.1056/avr8-gnu-toolchain/bin/../lib/gcc/avr/4.8.1/../../../../avr/lib/avr51\libm.a(acos.o) (__addsf3x)
c:/program files (x86)/atmel/atmel toolchain/avr8 gcc/native/3.4.1056/avr8-gnu-toolchain/bin/../lib/gcc/avr/4.8.1/../../../../avr/lib/avr51\libm.a(asin.o)
                              propagator.o (asin)
c:/program files (x86)/atmel/atmel toolchain/avr8 gcc/native/3.4.1056/avr8-gnu-toolchain/bin/../lib/gcc/avr/4.8.1/../../../../avr/lib/avr51\libm.a(atan2.o)
                              frame.o (atan2)
c:/program files (x86)/atmel/atmel toolchain/avr8 gcc/native/3.4.1056/avr8-gnu-toolchain/bin/../lib/gcc/avr/4.8.1/../../../../avr/lib/avr51\libm.a(atan.o)
                              c:/program files (x86)/atmel/atmel toolchain/avr8 gcc/native/3.4.1056/avr8-gnu-toolchain/bin/../lib/gcc/avr/4.8.1/../../../../avr/lib/avr51\libm.a(atan2.o) (atan)
c:/program files (x86)/atmel/atmel toolchain/avr8 gcc/native/3.4.1056/avr8-gnu-toolchain/bin/../lib/gcc/avr/4.8.1/../../../../avr/lib/avr51\libm.a(cmpsf2.o)
                              controller.o (__eqsf2)
c:/program files (x86)/atmel/atmel toolchain/avr8 gcc/native/3.4.1056/avr8-gnu-toolchain/bin/../lib/gcc/avr/4.8.1/../../../../avr/lib/avr51\libm.a(cos.o)
                              frame.o (cos)
c:/program files (x86)/atmel/atmel toolchain/avr8 gcc/native/3.4.1056/avr8-gnu-toolchain/bin/../lib/gcc/avr/4.8.1/../../../../avr/lib/avr51\libm.a(divsf3.o)
                              controller.o (__divsf3)
c:/program files (x86)/atmel/atmel toolchain/avr8 gcc/native/3.4.1056/avr8-gnu-toolchain/bin/../lib/gcc/avr/4.8.1/../../../../avr/lib/avr51\libm.a(divsf3x.o)
                              c:/program files (x86)/atmel/atmel toolchain/avr8 gcc/native/3.4.1056/avr8-gnu-toolchain/bin/../lib/gcc/avr/4.8.1/../../../../avr/lib/avr51\libm.a(divsf3.o) (__divsf3x)
c:/program files (x86)/atmel/atmel toolchain/avr8 gcc/native/3.4.1056/avr8-gnu-toolchain/bin/../lib/gcc/avr/4.8.1/../../../../avr/lib/avr51\libm.a(fixsfsi.o)
                              controller.o (__fixsfsi)
c:/program files (x86)/atmel/atmel toolchain/avr8 gcc/native/3.4.1056/avr8-gnu-toolchain/bin/../lib/gcc/avr/4.8.1/../../../../avr/lib/avr51\libm.a(fixunssfsi.o)
                              controller.o (__fixunssfsi)
c:/program files (x86)/atmel/atmel toolchain/avr8 gcc/native/3.4.1056/avr8-gnu-toolchain/bin/../lib/gcc/avr/4.8.1/../../../../avr/lib/avr51\libm.a(floatsisf.o)
                              controller.o (__floatunsisf)
c:/program files (x86)/atmel/atmel toolchain/avr8 gcc/native/3.4.1056/avr8-gnu-toolchain/bin/../lib/gcc/avr/4.8.1/../../../../avr/lib/avr51\libm.a(floatundisf.o)
                              frame.o (__floatundisf)
c:/program files (x86)/atmel/atmel toolchain/avr8 gcc/native/3.4.1056/avr8-gnu-toolchain/bin/../lib/gcc/avr/4.8.1/../../../../avr/lib/avr51\libm.a(fp_arccos.o)
                              c:/program files (x86)/atmel/atmel toolchain/avr8 gcc/native/3.4.1056/avr8-gnu-toolchain/bin/../lib/gcc/avr/4.8.1/../../../../avr/lib/avr51\libm.a(acos.o) (__fp_arccos)
c:/program files (x86)/atmel/atmel toolchain/avr8 gcc/native/3.4.1056/avr8-gnu-toolchain/bin/../lib/gcc/avr/4.8.1/../../../../avr/lib/avr51\libm.a(fp_cmp.o)
                              c:/program files (x86)/atmel/atmel toolchain/avr8 gcc/native/3.4.1056/avr8-gnu-toolchain/bin/../lib/gcc/avr/4.8.1/../../../../avr/lib/avr51\libm.a(cmpsf2.o) (__fp_cmp)
c:/program files (x86)/atmel/atmel toolchain/avr8 gcc/native/3.4.1056/avr8-gnu-toolchain/bin/../lib/gcc/avr/4.8.1/../../../../avr/lib/avr51\libm.a(fp_inf.o)
                              c:/program files (x86)/atmel/atmel toolchain/avr8 gcc/native/3.4.1056/avr8-gnu-toolchain/bin/../lib/gcc/avr/4.8.1/../../../../avr/lib/avr51\libm.a(addsf3x.o) (__fp_inf)
c:/program files (x86)/atmel/atmel toolchain/avr8 gcc/native/3.4.1056/avr8-gnu-toolchain/bin/../lib/gcc/avr/4.8.1/../../../../avr/lib/avr51\libm.a(fp_nan.o)
                              c:/program files (x86)/atmel/atmel toolchain/avr8 gcc/native/3.4.1056/avr8-gnu-toolchain/bin/../lib/gcc/avr/4.8.1/../../../../avr/lib/avr51\libm.a(addsf3x.o) (__fp_nan)
[...]
Memory Configuration

Name             Origin             Length             Attributes
text             0x00000000         0x00020000         xr
data             0x00800100         0x0000ff00         rw !x
eeprom           0x00810000         0x00010000         rw !x
fuse             0x00820000         0x00000400         rw !x
lock             0x00830000         0x00000400         rw !x
signature        0x00840000         0x00000400         rw !x
user_signatures  0x00850000         0x00000400         rw !x
*default*        0x00000000         0xffffffff

Linker script and memory map

Address of section .data set to 0x800100
LOAD c:/program files (x86)/atmel/atmel toolchain/avr8 gcc/native/3.4.1056/avr8-gnu-toolchain/bin/../lib/gcc/avr/4.8.1/../../../../avr/lib/avr51/crtm128.o
LOAD controller.o
LOAD frame.o
LOAD gps.o
LOAD hm.o
LOAD igrf.o
LOAD mag.o
LOAD master.o
LOAD mathutil.o
LOAD peripherals.o
LOAD propagator.o
LOAD quest.o
LOAD spi.o
LOAD sun.o
LOAD timer.o
LOAD twi.o
LOAD uart.o
START GROUP
LOAD c:/program files (x86)/atmel/atmel toolchain/avr8 gcc/native/3.4.1056/avr8-gnu-toolchain/bin/../lib/gcc/avr/4.8.1/../../../../avr/lib/avr51\libm.a
END GROUP
START GROUP
LOAD c:/program files (x86)/atmel/atmel toolchain/avr8 gcc/native/3.4.1056/avr8-gnu-toolchain/bin/../lib/gcc/avr/4.8.1/avr51\libgcc.a
LOAD c:/program files (x86)/atmel/atmel toolchain/avr8 gcc/native/3.4.1056/avr8-gnu-toolchain/bin/../lib/gcc/avr/4.8.1/../../../../avr/lib/avr51\libm.a
LOAD c:/program files (x86)/atmel/atmel toolchain/avr8 gcc/native/3.4.1056/avr8-gnu-toolchain/bin/../lib/gcc/avr/4.8.1/../../../../avr/lib/avr51\libc.a
END GROUP

.hash
 *(.hash)

.dynsym
 *(.dynsym)

.dynstr
 *(.dynstr)

.gnu.version
 *(.gnu.version)

.gnu.version_d
 *(.gnu.version_d)

.gnu.version_r
 *(.gnu.version_r)

.rel.init
 *(.rel.init)

.rela.init
 *(.rela.init)

.rel.text
 *(.rel.text)
 *(.rel.text.*)
 *(.rel.gnu.linkonce.t*)

.rela.text
 *(.rela.text)
 *(.rela.text.*)
 *(.rela.gnu.linkonce.t*)

.rel.fini
 *(.rel.fini)

.rela.fini
 *(.rela.fini)

.rel.rodata
 *(.rel.rodata)
 *(.rel.rodata.*)
 *(.rel.gnu.linkonce.r*)

.rela.rodata
 *(.rela.rodata)
 *(.rela.rodata.*)
 *(.rela.gnu.linkonce.r*)

.rel.data
 *(.rel.data)
 *(.rel.data.*)
 *(.rel.gnu.linkonce.d*)

.rela.data
 *(.rela.data)
 *(.rela.data.*)
 *(.rela.gnu.linkonce.d*)

.rel.ctors
 *(.rel.ctors)

.rela.ctors
 *(.rela.ctors)

.rel.dtors
 *(.rel.dtors)

.rela.dtors
 *(.rela.dtors)

.rel.got
 *(.rel.got)

.rela.got
 *(.rela.got)

.rel.bss
 *(.rel.bss)

.rela.bss
 *(.rela.bss)

.rel.plt
 *(.rel.plt)

.rela.plt
 *(.rela.plt)

.text           0x00000000     0x5e54
 *(.vectors)
 .vectors       0x00000000       0x8c c:/program files (x86)/atmel/atmel toolchain/avr8 gcc/native/3.4.1056/avr8-gnu-toolchain/bin/../lib/gcc/avr/4.8.1/../../../../avr/lib/avr51/crtm128.o
                0x00000000                __vector_default
                0x00000000                __vectors
 *(.vectors)
 *(.progmem.gcc*)
 .progmem.gcc_fplib
                0x0000008c       0x14 c:/program files (x86)/atmel/atmel toolchain/avr8 gcc/native/3.4.1056/avr8-gnu-toolchain/bin/../lib/gcc/avr/4.8.1/../../../../avr/lib/avr51\libm.a(asin.o)
 .progmem.gcc_fplib
                0x000000a0       0x2d c:/program files (x86)/atmel/atmel toolchain/avr8 gcc/native/3.4.1056/avr8-gnu-toolchain/bin/../lib/gcc/avr/4.8.1/../../../../avr/lib/avr51\libm.a(atan.o)
 .progmem.gcc_fplib
                0x000000cd       0x28 c:/program files (x86)/atmel/atmel toolchain/avr8 gcc/native/3.4.1056/avr8-gnu-toolchain/bin/../lib/gcc/avr/4.8.1/../../../../avr/lib/avr51\libm.a(fp_arccos.o)
 .progmem.gcc_fplib
                0x000000f5       0x1e c:/program files (x86)/atmel/atmel toolchain/avr8 gcc/native/3.4.1056/avr8-gnu-toolchain/bin/../lib/gcc/avr/4.8.1/../../../../avr/lib/avr51\libm.a(fp_sinus.o)
 .progmem.gcc_fplib
                0x00000113       0x28 c:/program files (x86)/atmel/atmel toolchain/avr8 gcc/native/3.4.1056/avr8-gnu-toolchain/bin/../lib/gcc/avr/4.8.1/../../../../avr/lib/avr51\libm.a(exp.o)
 .progmem.gcc_fplib
                0x0000013b       0x5a c:/program files (x86)/atmel/atmel toolchain/avr8 gcc/native/3.4.1056/avr8-gnu-toolchain/bin/../lib/gcc/avr/4.8.1/../../../../avr/lib/avr51\libm.a(log.o)
                0x00000196                . = ALIGN (0x2)
 *fill*         0x00000195        0x1 
                0x00000196                __trampolines_start = .
 *(.trampolines)
 .trampolines   0x00000196        0x0 linker stubs
 *(.trampolines*)
                0x00000196                __trampolines_end = .
 *(.progmem*)
 .progmem.data.dgh
                0x00000196      0x310 igrf.o
 .progmem.data.agh
                0x000004a6      0x310 igrf.o
                0x000007b6                . = ALIGN (0x2)
 *(.jumptables)
 *(.jumptables*)
 *(.lowtext)
 *(.lowtext*)
                0x000007b6                __ctors_start = .
 *(.ctors)
                0x000007b6                __ctors_end = .
                0x000007b6                __dtors_start = .
 *(.dtors)
                0x000007b6                __dtors_end = .
 SORT(*)(.ctors)
 SORT(*)(.dtors)
 *(.init0)
 .init0         0x000007b6        0x0 c:/program files (x86)/atmel/atmel toolchain/avr8 gcc/native/3.4.1056/avr8-gnu-toolchain/bin/../lib/gcc/avr/4.8.1/../../../../avr/lib/avr51/crtm128.o
                0x000007b6                __init
 *(.init0)
 *(.init1)
 *(.init1)
 *(.init2)
 .init2         0x000007b6        0xc c:/program files (x86)/atmel/atmel toolchain/avr8 gcc/native/3.4.1056/avr8-gnu-toolchain/bin/../lib/gcc/avr/4.8.1/../../../../avr/lib/avr51/crtm128.o
 *(.init2)
 *(.init3)
 *(.init3)
 *(.init4)
 .init4         0x000007c2       0x1a c:/program files (x86)/atmel/atmel toolchain/avr8 gcc/native/3.4.1056/avr8-gnu-toolchain/bin/../lib/gcc/avr/4.8.1/avr51\libgcc.a(_copy_data.o)
                0x000007c2                __do_copy_data
 .init4         0x000007dc       0x10 c:/program files (x86)/atmel/atmel toolchain/avr8 gcc/native/3.4.1056/avr8-gnu-toolchain/bin/../lib/gcc/avr/4.8.1/avr51\libgcc.a(_clear_bss.o)
                0x000007dc                __do_clear_bss
 *(.init4)
 *(.init5)
 *(.init5)
 *(.init6)
 *(.init6)
 *(.init7)
 *(.init7)
 *(.init8)
 *(.init8)
 *(.init9)
 .init9         0x000007ec        0x8 c:/program files (x86)/atmel/atmel toolchain/avr8 gcc/native/3.4.1056/avr8-gnu-toolchain/bin/../lib/gcc/avr/4.8.1/../../../../avr/lib/avr51/crtm128.o
 *(.init9)
 *(.text)
 .text          0x000007f4        0x2 c:/program files (x86)/atmel/atmel toolchain/avr8 gcc/native/3.4.1056/avr8-gnu-toolchain/bin/../lib/gcc/avr/4.8.1/../../../../avr/lib/avr51/crtm128.o
                0x000007f4                __vector_22
                0x000007f4                __vector_28
                0x000007f4                __vector_1
                0x000007f4                __vector_32
                0x000007f4                __vector_34
                0x000007f4                __vector_24
                0x000007f4                __vector_12
                0x000007f4                __bad_interrupt
                0x000007f4                __vector_6
                0x000007f4                __vector_31
                0x000007f4                __vector_3
                0x000007f4                __vector_23
                0x000007f4                __vector_25
                0x000007f4                __vector_11
                0x000007f4                __vector_13
                0x000007f4                __vector_17
                0x000007f4                __vector_19
                0x000007f4                __vector_7
                0x000007f4                __vector_27
                0x000007f4                __vector_5
                0x000007f4                __vector_33
                0x000007f4                __vector_4
                0x000007f4                __vector_9
                0x000007f4                __vector_2
                0x000007f4                __vector_21
                0x000007f4                __vector_15
                0x000007f4                __vector_29
                0x000007f4                __vector_8
                0x000007f4                __vector_26
                0x000007f4                __vector_14
                0x000007f4                __vector_10
                0x000007f4                __vector_16
                0x000007f4                __vector_20
                0x000007f6                . = ALIGN (0x2)
 *(.text.*)
 .text.detumbling
                0x000007f6      0x1e8 controller.o
                0x000007f6                detumbling
 .text.nominal  0x000009de      0x2fe controller.o
                0x000009de                nominal
 .text.control  0x00000cdc      0x664 controller.o
                0x00000cdc                control
 .text.get_seconds_since_equinox
                0x00001340      0x34c frame.o
                0x00001340                get_seconds_since_equinox
 .text.ecef2eci
                0x0000168c      0x10e frame.o
                0x0000168c                ecef2eci
 .text.eci2ecef
                0x0000179a      0x114 frame.o
                0x0000179a                eci2ecef
 .text.eci2orbit
                0x000018ae      0x164 frame.o
                0x000018ae                eci2orbit
 .text.ecef2lla
                0x00001a12      0x270 frame.o
                0x00001a12                ecef2lla
 .text.ned2ecef
                0x00001c82      0x16a frame.o
                0x00001c82                ned2ecef
 .text.init_UART_GPS
                0x00001dec       0xe2 gps.o
                0x00001dec                init_UART_GPS
 .text.__vector_18
                0x00001ece      0x7bc gps.o
                0x00001ece                __vector_18
 .text.igrf     0x0000268a      0xdc6 igrf.o
                0x0000268a                igrf
 .text.init_UART_MM
                0x00003450       0x38 mag.o
                0x00003450                init_UART_MM
 .text.__vector_30
                0x00003488      0x12a mag.o
                0x00003488                __vector_30
 .text.poll_MM  0x000035b2       0x1a mag.o
                0x000035b2                poll_MM
 .text.startup.main
                0x000035cc       0x96 master.o
                0x000035cc                main
 .text.copy_vector
                0x00003662       0x3e mathutil.o
                0x00003662                copy_vector
 .text.copy_quaternion
                0x000036a0       0x1c mathutil.o
                0x000036a0                copy_quaternion
 .text.vector_norm
                0x000036bc       0x8e mathutil.o
                0x000036bc                vector_norm
 .text.quaternion_norm
                0x0000374a       0xd2 mathutil.o
                0x0000374a                quaternion_norm
 .text.vector_dot_product
                0x0000381c       0x88 mathutil.o
                0x0000381c                vector_dot_product
 .text.add_vectors
                0x000038a4       0x52 mathutil.o
                0x000038a4                add_vectors
 .text.vector_into_matrix
                0x000038f6       0xbe mathutil.o
                0x000038f6                vector_into_matrix
 .text.vector_cross_product
                0x000039b4      0x102 mathutil.o
                0x000039b4                vector_cross_product
 .text.scalar_into_vector
                0x00003ab6       0x68 mathutil.o
                0x00003ab6                scalar_into_vector
 .text.scalar_into_quaternion
                0x00003b1e       0x44 mathutil.o
                0x00003b1e                scalar_into_quaternion
 .text.convert_unit_vector
                0x00003b62       0x6a mathutil.o
                0x00003b62                convert_unit_vector
 .text.convert_unit_quaternion
                0x00003bcc       0x4c mathutil.o
                0x00003bcc                convert_unit_quaternion
 .text.read_GPS
                0x00003c18        0x4 peripherals.o
                0x00003c18                read_GPS
 .text.read_SS  0x00003c1c        0x4 peripherals.o
                0x00003c1c                read_SS
 .text.read_MM  0x00003c20        0x2 peripherals.o
                0x00003c20                read_MM
 .text.copy_gps_reading
                0x00003c22      0x1fc propagator.o
                0x00003c22                copy_gps_reading
 .text.sgp_get_acceleration
                0x00003e1e      0x1ec propagator.o
                0x00003e1e                sgp_get_acceleration
 .text.sgp_orbit_propagator
                0x0000400a      0x11e propagator.o
                0x0000400a                sgp_orbit_propagator
 .text.sun_vector_estimator
                0x00004128      0x19e propagator.o
                0x00004128                sun_vector_estimator
 .text.magnetic_field_estimator
                0x000042c6       0xf6 propagator.o
                0x000042c6                magnetic_field_estimator
 .text.light_cal
                0x000043bc       0x44 quest.o
                0x000043bc                light_cal
 .text.quest    0x00004400      0x68e quest.o
                0x00004400                quest
 .text.omega_estimation
                0x00004a8e      0x5ee quest.o
                0x00004a8e                omega_estimation
 .text.init_SPI
                0x0000507c       0x1a spi.o
                0x0000507c                init_SPI
 .text.SPI_transfer
                0x00005096        0xa spi.o
                0x00005096                SPI_transfer
 .text.poll_SS  0x000050a0      0x248 sun.o
                0x000050a0                poll_SS
 .text.init_UART0
                0x000052e8       0x22 uart.o
                0x000052e8                init_UART0
 .text.transmit_UART0
                0x0000530a        0x8 uart.o
                0x0000530a                transmit_UART0
 .text.avr-libc.fplib
                0x00005312       0x1c c:/program files (x86)/atmel/atmel toolchain/avr8 gcc/native/3.4.1056/avr8-gnu-toolchain/bin/../lib/gcc/avr/4.8.1/../../../../avr/lib/avr51\libm.a(acos.o)
                0x00005312                acos
 .text.avr-libc.fplib
                0x0000532e        0xa c:/program files (x86)/atmel/atmel toolchain/avr8 gcc/native/3.4.1056/avr8-gnu-toolchain/bin/../lib/gcc/avr/4.8.1/../../../../avr/lib/avr51\libm.a(addsf3.o)
                0x0000532e                __subsf3
                0x00005330                __addsf3
 .text.avr-libc.fplib
                0x00005338       0xc0 c:/program files (x86)/atmel/atmel toolchain/avr8 gcc/native/3.4.1056/avr8-gnu-toolchain/bin/../lib/gcc/avr/4.8.1/../../../../avr/lib/avr51\libm.a(addsf3x.o)
                0x00005352                __addsf3x
 .text.avr-libc.fplib
                0x000053f8       0x2e c:/program files (x86)/atmel/atmel toolchain/avr8 gcc/native/3.4.1056/avr8-gnu-toolchain/bin/../lib/gcc/avr/4.8.1/../../../../avr/lib/avr51\libm.a(asin.o)
                0x000053f8                asin
 .text.avr-libc.fplib
                0x00005426       0x74 c:/program files (x86)/atmel/atmel toolchain/avr8 gcc/native/3.4.1056/avr8-gnu-toolchain/bin/../lib/gcc/avr/4.8.1/../../../../avr/lib/avr51\libm.a(atan2.o)
                0x00005444                atan2
 .text.avr-libc.fplib
                0x0000549a       0x50 c:/program files (x86)/atmel/atmel toolchain/avr8 gcc/native/3.4.1056/avr8-gnu-toolchain/bin/../lib/gcc/avr/4.8.1/../../../../avr/lib/avr51\libm.a(atan.o)
                0x0000549a                atan
 .text.avr-libc.fplib
                0x000054ea        0x8 c:/program files (x86)/atmel/atmel toolchain/avr8 gcc/native/3.4.1056/avr8-gnu-toolchain/bin/../lib/gcc/avr/4.8.1/../../../../avr/lib/avr51\libm.a(cmpsf2.o)
                0x000054ea                __nesf2
                0x000054ea                __eqsf2
                0x000054ea                __cmpsf2
                0x000054ea                __ltsf2
                0x000054ea                __lesf2
 .text.avr-libc.fplib
                0x000054f2        0x6 c:/program files (x86)/atmel/atmel toolchain/avr8 gcc/native/3.4.1056/avr8-gnu-toolchain/bin/../lib/gcc/avr/4.8.1/../../../../avr/lib/avr51\libm.a(cos.o)
                0x000054f2                cos
 .text.avr-libc.fplib
                0x000054f8        0x4 c:/program files (x86)/atmel/atmel toolchain/avr8 gcc/native/3.4.1056/avr8-gnu-toolchain/bin/../lib/gcc/avr/4.8.1/../../../../avr/lib/avr51\libm.a(divsf3.o)
                0x000054f8                __divsf3
 .text.avr-libc.fplib
                0x000054fc       0xcc c:/program files (x86)/atmel/atmel toolchain/avr8 gcc/native/3.4.1056/avr8-gnu-toolchain/bin/../lib/gcc/avr/4.8.1/../../../../avr/lib/avr51\libm.a(divsf3x.o)
                0x00005512                __divsf3x
                0x00005516                __divsf3_pse
 .text.avr-libc.fplib
                0x000055c8       0x58 c:/program files (x86)/atmel/atmel toolchain/avr8 gcc/native/3.4.1056/avr8-gnu-toolchain/bin/../lib/gcc/avr/4.8.1/../../../../avr/lib/avr51\libm.a(fixunssfsi.o)
                0x000055c8                __fixunssfsi
 .text.avr-libc.fplib
                0x00005620       0x7a c:/program files (x86)/atmel/atmel toolchain/avr8 gcc/native/3.4.1056/avr8-gnu-toolchain/bin/../lib/gcc/avr/4.8.1/../../../../avr/lib/avr51\libm.a(floatsisf.o)
                0x00005620                __floatunsisf
                0x00005624                __floatsisf
 .text.avr-libc.fplib
                0x0000569a       0x7c c:/program files (x86)/atmel/atmel toolchain/avr8 gcc/native/3.4.1056/avr8-gnu-toolchain/bin/../lib/gcc/avr/4.8.1/../../../../avr/lib/avr51\libm.a(floatundisf.o)
                0x0000569a                __floatundisf
                0x0000569c                __fp_di2sf
 .text.avr-libc.fplib
                0x00005716       0x36 c:/program files (x86)/atmel/atmel toolchain/avr8 gcc/native/3.4.1056/avr8-gnu-toolchain/bin/../lib/gcc/avr/4.8.1/../../../../avr/lib/avr51\libm.a(fp_arccos.o)
                0x00005716                __fp_arccos
 .text.avr-libc.fplib
                0x0000574c       0x48 c:/program files (x86)/atmel/atmel toolchain/avr8 gcc/native/3.4.1056/avr8-gnu-toolchain/bin/../lib/gcc/avr/4.8.1/../../../../avr/lib/avr51\libm.a(fp_cmp.o)
                0x0000574c                __fp_cmp
 .text.avr-libc.fplib
                0x00005794        0xc c:/program files (x86)/atmel/atmel toolchain/avr8 gcc/native/3.4.1056/avr8-gnu-toolchain/bin/../lib/gcc/avr/4.8.1/../../../../avr/lib/avr51\libm.a(fp_inf.o)
                0x00005794                __fp_inf
 .text.avr-libc.fplib
                0x000057a0        0x6 c:/program files (x86)/atmel/atmel toolchain/avr8 gcc/native/3.4.1056/avr8-gnu-toolchain/bin/../lib/gcc/avr/4.8.1/../../../../avr/lib/avr51\libm.a(fp_nan.o)
                0x000057a0                __fp_nan
 .text.avr-libc.fplib
                0x000057a6       0x4a c:/program files (x86)/atmel/atmel toolchain/avr8 gcc/native/3.4.1056/avr8-gnu-toolchain/bin/../lib/gcc/avr/4.8.1/../../../../avr/lib/avr51\libm.a(fp_powser.o)
                0x000057a6                __fp_powser
 .text.avr-libc.fplib
                0x000057f0       0x22 c:/program files (x86)/atmel/atmel toolchain/avr8 gcc/native/3.4.1056/avr8-gnu-toolchain/bin/../lib/gcc/avr/4.8.1/../../../../avr/lib/avr51\libm.a(fp_powsodd.o)
                0x000057f0                __fp_powsodd
 .text.avr-libc.fplib
                0x00005812        0xe c:/program files (x86)/atmel/atmel toolchain/avr8 gcc/native/3.4.1056/avr8-gnu-toolchain/bin/../lib/gcc/avr/4.8.1/../../../../avr/lib/avr51\libm.a(fp_pscA.o)
                0x00005812                __fp_pscA
 .text.avr-libc.fplib
                0x00005820        0xe c:/program files (x86)/atmel/atmel toolchain/avr8 gcc/native/3.4.1056/avr8-gnu-toolchain/bin/../lib/gcc/avr/4.8.1/../../../../avr/lib/avr51\libm.a(fp_pscB.o)
                0x00005820                __fp_pscB
 .text.avr-libc.fplib
                0x0000582e       0x50 c:/program files (x86)/atmel/atmel toolchain/avr8 gcc/native/3.4.1056/avr8-gnu-toolchain/bin/../lib/gcc/avr/4.8.1/../../../../avr/lib/avr51\libm.a(fp_rempio2.o)
                0x00005830                __fp_rempio2
 .text.avr-libc.fplib
                0x0000587e       0x22 c:/program files (x86)/atmel/atmel toolchain/avr8 gcc/native/3.4.1056/avr8-gnu-toolchain/bin/../lib/gcc/avr/4.8.1/../../../../avr/lib/avr51\libm.a(fp_round.o)
                0x0000587e                __fp_round
 .text.avr-libc.fplib
                0x000058a0       0x22 c:/program files (x86)/atmel/atmel toolchain/avr8 gcc/native/3.4.1056/avr8-gnu-toolchain/bin/../lib/gcc/avr/4.8.1/../../../../avr/lib/avr51\libm.a(fp_sinus.o)
                0x000058a0                __fp_sinus
 .text.avr-libc.fplib
                0x000058c2       0x44 c:/program files (x86)/atmel/atmel toolchain/avr8 gcc/native/3.4.1056/avr8-gnu-toolchain/bin/../lib/gcc/avr/4.8.1/../../../../avr/lib/avr51\libm.a(fp_split3.o)
                0x000058c2                __fp_split3
                0x000058d2                __fp_splitA
 .text.avr-libc.fplib
                0x00005906        0xe c:/program files (x86)/atmel/atmel toolchain/avr8 gcc/native/3.4.1056/avr8-gnu-toolchain/bin/../lib/gcc/avr/4.8.1/../../../../avr/lib/avr51\libm.a(fp_zero.o)
                0x00005906                __fp_zero
                0x00005908                __fp_szero
 .text.avr-libc.fplib
                0x00005914        0x8 c:/program files (x86)/atmel/atmel toolchain/avr8 gcc/native/3.4.1056/avr8-gnu-toolchain/bin/../lib/gcc/avr/4.8.1/../../../../avr/lib/avr51\libm.a(gesf2.o)
                0x00005914                __gesf2
                0x00005914                __gtsf2
 .text.avr-libc.fplib
                0x0000591c        0xe c:/program files (x86)/atmel/atmel toolchain/avr8 gcc/native/3.4.1056/avr8-gnu-toolchain/bin/../lib/gcc/avr/4.8.1/../../../../avr/lib/avr51\libm.a(inverse.o)
                0x0000591c                inverse
 .text.avr-libc.fplib
                0x0000592a        0x4 c:/program files (x86)/atmel/atmel toolchain/avr8 gcc/native/3.4.1056/avr8-gnu-toolchain/bin/../lib/gcc/avr/4.8.1/../../../../avr/lib/avr51\libm.a(mulsf3.o)
                0x0000592a                __mulsf3
 .text.avr-libc.fplib
                0x0000592e       0xc2 c:/program files (x86)/atmel/atmel toolchain/avr8 gcc/native/3.4.1056/avr8-gnu-toolchain/bin/../lib/gcc/avr/4.8.1/../../../../avr/lib/avr51\libm.a(mulsf3x.o)
                0x00005942                __mulsf3x
                0x00005946                __mulsf3_pse
 .text.avr-libc.fplib
                0x000059f0       0x98 c:/program files (x86)/atmel/atmel toolchain/avr8 gcc/native/3.4.1056/avr8-gnu-toolchain/bin/../lib/gcc/avr/4.8.1/../../../../avr/lib/avr51\libm.a(pow.o)
                0x000059f0                pow
 .text.avr-libc.fplib
                0x00005a88        0xc c:/program files (x86)/atmel/atmel toolchain/avr8 gcc/native/3.4.1056/avr8-gnu-toolchain/bin/../lib/gcc/avr/4.8.1/../../../../avr/lib/avr51\libm.a(sin.o)
                0x00005a88                sin
 .text.avr-libc.fplib
                0x00005a94       0x84 c:/program files (x86)/atmel/atmel toolchain/avr8 gcc/native/3.4.1056/avr8-gnu-toolchain/bin/../lib/gcc/avr/4.8.1/../../../../avr/lib/avr51\libm.a(sqrt.o)
                0x00005a9c                sqrt
 .text.avr-libc.fplib
                0x00005b18        0x6 c:/program files (x86)/atmel/atmel toolchain/avr8 gcc/native/3.4.1056/avr8-gnu-toolchain/bin/../lib/gcc/avr/4.8.1/../../../../avr/lib/avr51\libm.a(square.o)
                0x00005b18                square
 .text.avr-libc.fplib
                0x00005b1e       0x62 c:/program files (x86)/atmel/atmel toolchain/avr8 gcc/native/3.4.1056/avr8-gnu-toolchain/bin/../lib/gcc/avr/4.8.1/../../../../avr/lib/avr51\libm.a(exp.o)
                0x00005b28                exp
 .text.avr-libc.fplib
                0x00005b80       0x1c c:/program files (x86)/atmel/atmel toolchain/avr8 gcc/native/3.4.1056/avr8-gnu-toolchain/bin/../lib/gcc/avr/4.8.1/../../../../avr/lib/avr51\libm.a(fp_mpack.o)
                0x00005b80                __fp_mpack
                0x00005b84                __fp_mpack_finite
 .text.avr-libc.fplib
                0x00005b9c        0xe c:/program files (x86)/atmel/atmel toolchain/avr8 gcc/native/3.4.1056/avr8-gnu-toolchain/bin/../lib/gcc/avr/4.8.1/../../../../avr/lib/avr51\libm.a(fp_norm2.o)
                0x00005b9c                __fp_norm2
 .text.avr-libc.fplib
                0x00005baa       0x6c c:/program files (x86)/atmel/atmel toolchain/avr8 gcc/native/3.4.1056/avr8-gnu-toolchain/bin/../lib/gcc/avr/4.8.1/../../../../avr/lib/avr51\libm.a(ldexp.o)
                0x00005bae                ldexp
 .text.avr-libc.fplib
                0x00005c16       0x8a c:/program files (x86)/atmel/atmel toolchain/avr8 gcc/native/3.4.1056/avr8-gnu-toolchain/bin/../lib/gcc/avr/4.8.1/../../../../avr/lib/avr51\libm.a(log.o)
                0x00005c20                log
 .text.avr-libc.fplib
                0x00005ca0       0x66 c:/program files (x86)/atmel/atmel toolchain/avr8 gcc/native/3.4.1056/avr8-gnu-toolchain/bin/../lib/gcc/avr/4.8.1/../../../../avr/lib/avr51\libm.a(modf.o)
                0x00005ca0                modf
                0x00005ca0                modff
 .text.libgcc.div
                0x00005d06       0x26 c:/program files (x86)/atmel/atmel toolchain/avr8 gcc/native/3.4.1056/avr8-gnu-toolchain/bin/../lib/gcc/avr/4.8.1/avr51\libgcc.a(_divmodhi4.o)
                0x00005d06                _div
                0x00005d06                __divmodhi4
 .text.libgcc.mul
                0x00005d2c       0x4e c:/program files (x86)/atmel/atmel toolchain/avr8 gcc/native/3.4.1056/avr8-gnu-toolchain/bin/../lib/gcc/avr/4.8.1/avr51\libgcc.a(_umulsidi3.o)
                0x00005d2c                __umulsidi3
                0x00005d2e                __umulsidi3_helper
 .text.libgcc.builtins
                0x00005d7a       0x32 c:/program files (x86)/atmel/atmel toolchain/avr8 gcc/native/3.4.1056/avr8-gnu-toolchain/bin/../lib/gcc/avr/4.8.1/avr51\libgcc.a(_ashldi3.o)
                0x00005d7a                __ashldi3
 .text.libgcc   0x00005dac       0x12 c:/program files (x86)/atmel/atmel toolchain/avr8 gcc/native/3.4.1056/avr8-gnu-toolchain/bin/../lib/gcc/avr/4.8.1/avr51\libgcc.a(_adddi3.o)
                0x00005dac                __adddi3
 .text.libgcc   0x00005dbe       0x18 c:/program files (x86)/atmel/atmel toolchain/avr8 gcc/native/3.4.1056/avr8-gnu-toolchain/bin/../lib/gcc/avr/4.8.1/avr51\libgcc.a(_adddi3_s8.o)
                0x00005dbe                __adddi3_s8
 .text.libgcc   0x00005dd6       0x12 c:/program files (x86)/atmel/atmel toolchain/avr8 gcc/native/3.4.1056/avr8-gnu-toolchain/bin/../lib/gcc/avr/4.8.1/avr51\libgcc.a(_subdi3.o)
                0x00005dd6                __subdi3
 .text.libgcc   0x00005de8       0x12 c:/program files (x86)/atmel/atmel toolchain/avr8 gcc/native/3.4.1056/avr8-gnu-toolchain/bin/../lib/gcc/avr/4.8.1/avr51\libgcc.a(_cmpdi2.o)
                0x00005de8                __cmpdi2
 .text.libgcc.div
                0x00005dfa       0x28 c:/program files (x86)/atmel/atmel toolchain/avr8 gcc/native/3.4.1056/avr8-gnu-toolchain/bin/../lib/gcc/avr/4.8.1/avr51\libgcc.a(_udivmodhi4.o)
                0x00005dfa                __udivmodhi4
 .text.libgcc.mul
                0x00005e22       0x1e c:/program files (x86)/atmel/atmel toolchain/avr8 gcc/native/3.4.1056/avr8-gnu-toolchain/bin/../lib/gcc/avr/4.8.1/avr51\libgcc.a(_umulhisi3.o)
                0x00005e22                __umulhisi3
 .text.libgcc.mul
                0x00005e40       0x10 c:/program files (x86)/atmel/atmel toolchain/avr8 gcc/native/3.4.1056/avr8-gnu-toolchain/bin/../lib/gcc/avr/4.8.1/avr51\libgcc.a(_muldi3_6.o)
                0x00005e40                __muldi3_6
                0x00005e50                . = ALIGN (0x2)
 *(.fini9)
 .fini9         0x00005e50        0x0 c:/program files (x86)/atmel/atmel toolchain/avr8 gcc/native/3.4.1056/avr8-gnu-toolchain/bin/../lib/gcc/avr/4.8.1/avr51\libgcc.a(_exit.o)
                0x00005e50                _exit
                0x00005e50                exit
 *(.fini9)
 *(.fini8)
 *(.fini8)
 *(.fini7)
 *(.fini7)
 *(.fini6)
 *(.fini6)
 *(.fini5)
 *(.fini5)
 *(.fini4)
 *(.fini4)
 *(.fini3)
 *(.fini3)
 *(.fini2)
 *(.fini2)
 *(.fini1)
 *(.fini1)
 *(.fini0)
 .fini0         0x00005e50        0x4 c:/program files (x86)/atmel/atmel toolchain/avr8 gcc/native/3.4.1056/avr8-gnu-toolchain/bin/../lib/gcc/avr/4.8.1/avr51\libgcc.a(_exit.o)
 *(.fini0)
                0x00005e54                _etext = .

.data           0x00800100       0xe0 load address 0x00005e54
                0x00800100                PROVIDE (__data_start, .)
 *(.data)
 .data          0x00800100        0x0 c:/program files (x86)/atmel/atmel toolchain/avr8 gcc/native/3.4.1056/avr8-gnu-toolchain/bin/../lib/gcc/avr/4.8.1/../../../../avr/lib/avr51/crtm128.o
 .data          0x00800100        0x0 controller.o
 .data          0x00800100        0x0 frame.o
 .data          0x00800100        0x0 gps.o
 .data          0x00800100        0x0 hm.o
 .data          0x00800100        0x0 igrf.o
 .data          0x00800100        0x0 mag.o
 .data          0x00800100        0x0 master.o
 .data          0x00800100        0x0 mathutil.o
 .data          0x00800100        0x0 peripherals.o
 .data          0x00800100        0x0 propagator.o
 .data          0x00800100        0x0 quest.o
 .data          0x00800100        0x0 spi.o
 .data          0x00800100        0x0 sun.o
 .data          0x00800100        0x0 timer.o
 .data          0x00800100        0x0 twi.o
 .data          0x00800100        0x0 uart.o
 .data          0x00800100        0x0 c:/program files (x86)/atmel/atmel toolchain/avr8 gcc/native/3.4.1056/avr8-gnu-toolchain/bin/../lib/gcc/avr/4.8.1/../../../../avr/lib/avr51\libm.a(acos.o)
 .data          0x00800100        0x0 c:/program files (x86)/atmel/atmel toolchain/avr8 gcc/native/3.4.1056/avr8-gnu-toolchain/bin/../lib/gcc/avr/4.8.1/../../../../avr/lib/avr51\libm.a(addsf3.o)
 .data          0x00800100        0x0 c:/program files (x86)/atmel/atmel toolchain/avr8 gcc/native/3.4.1056/avr8-gnu-toolchain/bin/../lib/gcc/avr/4.8.1/../../../../avr/lib/avr51\libm.a(addsf3x.o)
 .data          0x00800100        0x0 c:/program files (x86)/atmel/atmel toolchain/avr8 gcc/native/3.4.1056/avr8-gnu-toolchain/bin/../lib/gcc/avr/4.8.1/../../../../avr/lib/avr51\libm.a(asin.o)
 .data          0x00800100        0x0 c:/program files (x86)/atmel/atmel toolchain/avr8 gcc/native/3.4.1056/avr8-gnu-toolchain/bin/../lib/gcc/avr/4.8.1/../../../../avr/lib/avr51\libm.a(atan2.o)
 .data          0x00800100        0x0 c:/program files (x86)/atmel/atmel toolchain/avr8 gcc/native/3.4.1056/avr8-gnu-toolchain/bin/../lib/gcc/avr/4.8.1/../../../../avr/lib/avr51\libm.a(atan.o)
 .data          0x00800100        0x0 c:/program files (x86)/atmel/atmel toolchain/avr8 gcc/native/3.4.1056/avr8-gnu-toolchain/bin/../lib/gcc/avr/4.8.1/../../../../avr/lib/avr51\libm.a(cmpsf2.o)
 .data          0x00800100        0x0 c:/program files (x86)/atmel/atmel toolchain/avr8 gcc/native/3.4.1056/avr8-gnu-toolchain/bin/../lib/gcc/avr/4.8.1/../../../../avr/lib/avr51\libm.a(cos.o)
 .data          0x00800100        0x0 c:/program files (x86)/atmel/atmel toolchain/avr8 gcc/native/3.4.1056/avr8-gnu-toolchain/bin/../lib/gcc/avr/4.8.1/../../../../avr/lib/avr51\libm.a(divsf3.o)
 .data          0x00800100        0x0 c:/program files (x86)/atmel/atmel toolchain/avr8 gcc/native/3.4.1056/avr8-gnu-toolchain/bin/../lib/gcc/avr/4.8.1/../../../../avr/lib/avr51\libm.a(divsf3x.o)
 .data          0x00800100        0x0 c:/program files (x86)/atmel/atmel toolchain/avr8 gcc/native/3.4.1056/avr8-gnu-toolchain/bin/../lib/gcc/avr/4.8.1/../../../../avr/lib/avr51\libm.a(fixsfsi.o)
 .data          0x00800100        0x0 c:/program files (x86)/atmel/atmel toolchain/avr8 gcc/native/3.4.1056/avr8-gnu-toolchain/bin/../lib/gcc/avr/4.8.1/../../../../avr/lib/avr51\libm.a(fixunssfsi.o)
 .data          0x00800100        0x0 c:/program files (x86)/atmel/atmel toolchain/avr8 gcc/native/3.4.1056/avr8-gnu-toolchain/bin/../lib/gcc/avr/4.8.1/../../../../avr/lib/avr51\libm.a(floatsisf.o)
 .data          0x00800100        0x0 c:/program files (x86)/atmel/atmel toolchain/avr8 gcc/native/3.4.1056/avr8-gnu-toolchain/bin/../lib/gcc/avr/4.8.1/../../../../avr/lib/avr51\libm.a(floatundisf.o)
 .data          0x00800100        0x0 c:/program files (x86)/atmel/atmel toolchain/avr8 gcc/native/3.4.1056/avr8-gnu-toolchain/bin/../lib/gcc/avr/4.8.1/../../../../avr/lib/avr51\libm.a(fp_arccos.o)
 .data          0x00800100        0x0 c:/program files (x86)/atmel/atmel toolchain/avr8 gcc/native/3.4.1056/avr8-gnu-toolchain/bin/../lib/gcc/avr/4.8.1/../../../../avr/lib/avr51\libm.a(fp_cmp.o)
 .data          0x00800100        0x0 c:/program files (x86)/atmel/atmel toolchain/avr8 gcc/native/3.4.1056/avr8-gnu-toolchain/bin/../lib/gcc/avr/4.8.1/../../../../avr/lib/avr51\libm.a(fp_inf.o)
 .data          0x00800100        0x0 c:/program files (x86)/atmel/atmel toolchain/avr8 gcc/native/3.4.1056/avr8-gnu-toolchain/bin/../lib/gcc/avr/4.8.1/../../../../avr/lib/avr51\libm.a(fp_nan.o)
 .data          0x00800100        0x0 c:/program files (x86)/atmel/atmel toolchain/avr8 gcc/native/3.4.1056/avr8-gnu-toolchain/bin/../lib/gcc/avr/4.8.1/../../../../avr/lib/avr51\libm.a(fp_powser.o)
 .data          0x00800100        0x0 c:/program files (x86)/atmel/atmel toolchain/avr8 gcc/native/3.4.1056/avr8-gnu-toolchain/bin/../lib/gcc/avr/4.8.1/../../../../avr/lib/avr51\libm.a(fp_powsodd.o)
 .data          0x00800100        0x0 c:/program files (x86)/atmel/atmel toolchain/avr8 gcc/native/3.4.1056/avr8-gnu-toolchain/bin/../lib/gcc/avr/4.8.1/../../../../avr/lib/avr51\libm.a(fp_pscA.o)
 .data          0x00800100        0x0 c:/program files (x86)/atmel/atmel toolchain/avr8 gcc/native/3.4.1056/avr8-gnu-toolchain/bin/../lib/gcc/avr/4.8.1/../../../../avr/lib/avr51\libm.a(fp_pscB.o)
 .data          0x00800100        0x0 c:/program files (x86)/atmel/atmel toolchain/avr8 gcc/native/3.4.1056/avr8-gnu-toolchain/bin/../lib/gcc/avr/4.8.1/../../../../avr/lib/avr51\libm.a(fp_rempio2.o)
 .data          0x00800100        0x0 c:/program files (x86)/atmel/atmel toolchain/avr8 gcc/native/3.4.1056/avr8-gnu-toolchain/bin/../lib/gcc/avr/4.8.1/../../../../avr/lib/avr51\libm.a(fp_round.o)
 .data          0x00800100        0x0 c:/program files (x86)/atmel/atmel toolchain/avr8 gcc/native/3.4.1056/avr8-gnu-toolchain/bin/../lib/gcc/avr/4.8.1/../../../../avr/lib/avr51\libm.a(fp_sinus.o)
 .data          0x00800100        0x0 c:/program files (x86)/atmel/atmel toolchain/avr8 gcc/native/3.4.1056/avr8-gnu-toolchain/bin/../lib/gcc/avr/4.8.1/../../../../avr/lib/avr51\libm.a(fp_split3.o)
 .data          0x00800100        0x0 c:/program files (x86)/atmel/atmel toolchain/avr8 gcc/native/3.4.1056/avr8-gnu-toolchain/bin/../lib/gcc/avr/4.8.1/../../../../avr/lib/avr51\libm.a(fp_zero.o)
 .data          0x00800100        0x0 c:/program files (x86)/atmel/atmel toolchain/avr8 gcc/native/3.4.1056/avr8-gnu-toolchain/bin/../lib/gcc/avr/4.8.1/../../../../avr/lib/avr51\libm.a(gesf2.o)
 .data          0x00800100        0x0 c:/program files (x86)/atmel/atmel toolchain/avr8 gcc/native/3.4.1056/avr8-gnu-toolchain/bin/../lib/gcc/avr/4.8.1/../../../../avr/lib/avr51\libm.a(inverse.o)
 .data          0x00800100        0x0 c:/program files (x86)/atmel/atmel toolchain/avr8 gcc/native/3.4.1056/avr8-gnu-toolchain/bin/../lib/gcc/avr/4.8.1/../../../../avr/lib/avr51\libm.a(mulsf3.o)
 .data          0x00800100        0x0 c:/program files (x86)/atmel/atmel toolchain/avr8 gcc/native/3.4.1056/avr8-gnu-toolchain/bin/../lib/gcc/avr/4.8.1/../../../../avr/lib/avr51\libm.a(mulsf3x.o)
 .data          0x00800100        0x0 c:/program files (x86)/atmel/atmel toolchain/avr8 gcc/native/3.4.1056/avr8-gnu-toolchain/bin/../lib/gcc/avr/4.8.1/../../../../avr/lib/avr51\libm.a(pow.o)
 .data          0x00800100        0x0 c:/program files (x86)/atmel/atmel toolchain/avr8 gcc/native/3.4.1056/avr8-gnu-toolchain/bin/../lib/gcc/avr/4.8.1/../../../../avr/lib/avr51\libm.a(sin.o)
 .data          0x00800100        0x0 c:/program files (x86)/atmel/atmel toolchain/avr8 gcc/native/3.4.1056/avr8-gnu-toolchain/bin/../lib/gcc/avr/4.8.1/../../../../avr/lib/avr51\libm.a(sqrt.o)
 .data          0x00800100        0x0 c:/program files (x86)/atmel/atmel toolchain/avr8 gcc/native/3.4.1056/avr8-gnu-toolchain/bin/../lib/gcc/avr/4.8.1/../../../../avr/lib/avr51\libm.a(square.o)
 .data          0x00800100        0x0 c:/program files (x86)/atmel/atmel toolchain/avr8 gcc/native/3.4.1056/avr8-gnu-toolchain/bin/../lib/gcc/avr/4.8.1/../../../../avr/lib/avr51\libm.a(exp.o)
 .data          0x00800100        0x0 c:/program files (x86)/atmel/atmel toolchain/avr8 gcc/native/3.4.1056/avr8-gnu-toolchain/bin/../lib/gcc/avr/4.8.1/../../../../avr/lib/avr51\libm.a(fp_mpack.o)
 .data          0x00800100        0x0 c:/program files (x86)/atmel/atmel toolchain/avr8 gcc/native/3.4.1056/avr8-gnu-toolchain/bin/../lib/gcc/avr/4.8.1/../../../../avr/lib/avr51\libm.a(fp_norm2.o)
 .data          0x00800100        0x0 c:/program files (x86)/atmel/atmel toolchain/avr8 gcc/native/3.4.1056/avr8-gnu-toolchain/bin/../lib/gcc/avr/4.8.1/../../../../avr/lib/avr51\libm.a(ldexp.o)
 .data          0x00800100        0x0 c:/program files (x86)/atmel/atmel toolchain/avr8 gcc/native/3.4.1056/avr8-gnu-toolchain/bin/../lib/gcc/avr/4.8.1/../../../../avr/lib/avr51\libm.a(log.o)
 .data          0x00800100        0x0 c:/program files (x86)/atmel/atmel toolchain/avr8 gcc/native/3.4.1056/avr8-gnu-toolchain/bin/../lib/gcc/avr/4.8.1/../../../../avr/lib/avr51\libm.a(modf.o)
 .data          0x00800100        0x0 c:/program files (x86)/atmel/atmel toolchain/avr8 gcc/native/3.4.1056/avr8-gnu-toolchain/bin/../lib/gcc/avr/4.8.1/avr51\libgcc.a(_divmodhi4.o)
 .data          0x00800100        0x0 c:/program files (x86)/atmel/atmel toolchain/avr8 gcc/native/3.4.1056/avr8-gnu-toolchain/bin/../lib/gcc/avr/4.8.1/avr51\libgcc.a(_exit.o)
 .data          0x00800100        0x0 c:/program files (x86)/atmel/atmel toolchain/avr8 gcc/native/3.4.1056/avr8-gnu-toolchain/bin/../lib/gcc/avr/4.8.1/avr51\libgcc.a(_copy_data.o)
 .data          0x00800100        0x0 c:/program files (x86)/atmel/atmel toolchain/avr8 gcc/native/3.4.1056/avr8-gnu-toolchain/bin/../lib/gcc/avr/4.8.1/avr51\libgcc.a(_clear_bss.o)
 .data          0x00800100        0x0 c:/program files (x86)/atmel/atmel toolchain/avr8 gcc/native/3.4.1056/avr8-gnu-toolchain/bin/../lib/gcc/avr/4.8.1/avr51\libgcc.a(_umulsidi3.o)
 .data          0x00800100        0x0 c:/program files (x86)/atmel/atmel toolchain/avr8 gcc/native/3.4.1056/avr8-gnu-toolchain/bin/../lib/gcc/avr/4.8.1/avr51\libgcc.a(_udivdi3.o)
 .data          0x00800100        0x0 c:/program files (x86)/atmel/atmel toolchain/avr8 gcc/native/3.4.1056/avr8-gnu-toolchain/bin/../lib/gcc/avr/4.8.1/avr51\libgcc.a(_udivmod64.o)
 .data          0x00800100        0x0 c:/program files (x86)/atmel/atmel toolchain/avr8 gcc/native/3.4.1056/avr8-gnu-toolchain/bin/../lib/gcc/avr/4.8.1/avr51\libgcc.a(_ashldi3.o)
 .data          0x00800100        0x0 c:/program files (x86)/atmel/atmel toolchain/avr8 gcc/native/3.4.1056/avr8-gnu-toolchain/bin/../lib/gcc/avr/4.8.1/avr51\libgcc.a(_adddi3.o)
 .data          0x00800100        0x0 c:/program files (x86)/atmel/atmel toolchain/avr8 gcc/native/3.4.1056/avr8-gnu-toolchain/bin/../lib/gcc/avr/4.8.1/avr51\libgcc.a(_adddi3_s8.o)
 .data          0x00800100        0x0 c:/program files (x86)/atmel/atmel toolchain/avr8 gcc/native/3.4.1056/avr8-gnu-toolchain/bin/../lib/gcc/avr/4.8.1/avr51\libgcc.a(_subdi3.o)
 .data          0x00800100        0x0 c:/program files (x86)/atmel/atmel toolchain/avr8 gcc/native/3.4.1056/avr8-gnu-toolchain/bin/../lib/gcc/avr/4.8.1/avr51\libgcc.a(_cmpdi2.o)
 .data          0x00800100        0x0 c:/program files (x86)/atmel/atmel toolchain/avr8 gcc/native/3.4.1056/avr8-gnu-toolchain/bin/../lib/gcc/avr/4.8.1/avr51\libgcc.a(_cmpdi2_s8.o)
 .data          0x00800100        0x0 c:/program files (x86)/atmel/atmel toolchain/avr8 gcc/native/3.4.1056/avr8-gnu-toolchain/bin/../lib/gcc/avr/4.8.1/avr51\libgcc.a(_udivmodhi4.o)
 .data          0x00800100        0x0 c:/program files (x86)/atmel/atmel toolchain/avr8 gcc/native/3.4.1056/avr8-gnu-toolchain/bin/../lib/gcc/avr/4.8.1/avr51\libgcc.a(_umulhisi3.o)
 .data          0x00800100        0x0 c:/program files (x86)/atmel/atmel toolchain/avr8 gcc/native/3.4.1056/avr8-gnu-toolchain/bin/../lib/gcc/avr/4.8.1/avr51\libgcc.a(_muldi3_6.o)
 *(.data*)
 .data.gps_start
                0x00800100        0x4 controller.o
                0x00800100                gps_start
 .data.eclipse_time
                0x00800104        0x4 controller.o
                0x00800104                eclipse_time
 .data.num      0x00800108        0x2 controller.o
                0x00800108                num
 .data.tol_time
                0x0080010a        0x2 controller.o
                0x0080010a                tol_time
 .data.first_B  0x0080010c        0x1 controller.o
 .data.time     0x0080010d        0x1 gps.o
 .data.geo      0x0080010e        0x1 gps.o
 .data.dop      0x0080010f        0x1 gps.o
 .data.vel      0x00800110        0x1 gps.o
 .data.pos      0x00800111        0x1 gps.o
 .data.Mode     0x00800112        0x1 master.o
                0x00800112                Mode
 .data.GPS_done
                0x00800113        0x1 master.o
                0x00800113                GPS_done
 .data.light_prev.1997
                0x00800114        0x1 quest.o
 *(.rodata)
 *(.rodata*)
 .rodata.m_Kd   0x00800115       0x24 controller.o
 .rodata.m_Ki   0x00800139       0x24 controller.o
 .rodata.m_Kp   0x0080015d       0x24 controller.o
 .rodata.CSWTCH.8
                0x00800181       0x58 frame.o
 .rodata.str1.1
                0x008001d9        0x6 mag.o
 *(.gnu.linkonce.d*)
                0x008001e0                . = ALIGN (0x2)
 *fill*         0x008001df        0x1 
                0x008001e0                _edata = .
                0x008001e0                PROVIDE (__data_end, .)

.bss            0x008001e0      0x384
                0x008001e0                PROVIDE (__bss_start, .)
 *(.bss)
 *(.bss*)
 .bss.v_B_old.2069
                0x008001e0        0xc controller.o
 .bss.v_m_temp  0x008001ec        0xc controller.o
                0x008001ec                v_m_temp
 .bss.time_l    0x008001f8        0x2 controller.o
                0x008001f8                time_l
 .bss.time_e    0x008001fa        0x2 controller.o
                0x008001fa                time_e
 .bss.gps_power
                0x008001fc        0x2 controller.o
                0x008001fc                gps_power
 .bss.flag_on   0x008001fe        0x2 controller.o
                0x008001fe                flag_on
 .bss.avg_md_new
                0x00800200        0x4 controller.o
                0x00800200                avg_md_new
 .bss.avg_md    0x00800204        0x4 controller.o
                0x00800204                avg_md
 .bss.md_start  0x00800208        0x4 controller.o
                0x00800208                md_start
 .bss.norm_m_d  0x0080020c        0x4 controller.o
                0x0080020c                norm_m_d
 .bss.start_time
                0x00800210        0x2 controller.o
                0x00800210                start_time
 .bss.star_flag
                0x00800212        0x1 controller.o
                0x00800212                star_flag
 .bss.t_now     0x00800213        0x8 controller.o
                0x00800213                t_now
 .bss.flag_D    0x0080021b        0x2 controller.o
                0x0080021b                flag_D
 .bss.flag_N    0x0080021d        0x2 controller.o
                0x0080021d                flag_N
 .bss.w_ctrl    0x0080021f        0x1 controller.o
 .bss.light     0x00800220        0x1 controller.o
 .bss.q_o       0x00800221       0x10 controller.o
 .bss.v_ieu     0x00800231        0xc controller.o
 .bss.v_w       0x0080023d        0xc controller.o
 .bss.v_B       0x00800249        0xc controller.o
 .bss.message_end
                0x00800255        0x1 gps.o
 .bss.last_byte
                0x00800256        0x1 gps.o
 .bss.buffer    0x00800257        0x4 gps.o
 .bss.sl        0x0080025b       0x3c igrf.o
 .bss.cl        0x00800297       0x3c igrf.o
 .bss.q         0x008002d3       0xc8 igrf.o
 .bss.p         0x0080039b       0xc8 igrf.o
 .bss.mag_count
                0x00800463        0x1 mag.o
                0x00800463                mag_count
 .bss.v_v_ecef.2029
                0x00800464        0xc propagator.o
 .bss.v_r_ecef.2028
                0x00800470        0xc propagator.o
 .bss.frtm      0x0080047c        0x4 propagator.o
 .bss.v_v       0x00800480        0xc propagator.o
 .bss.r_ecef_ash
                0x0080048c        0xc propagator.o
 .bss.v_r       0x00800498        0xc propagator.o
 .bss.time_since_light.1996
                0x008004a4        0x2 quest.o
 .bss.v_w_old   0x008004a6        0xc quest.o
 .bss.q_B_old   0x008004b2       0x10 quest.o
 *(COMMON)
 COMMON         0x008004c2        0x8 controller.o
                0x008004c2                x
                0x008004c6                mod_w
 COMMON         0x008004ca       0x10 frame.o
                0x008004ca                seconds_since_pivot
                0x008004d2                seconds_since_equinox
 COMMON         0x008004da        0x7 mag.o
                0x008004da                mag_data
 COMMON         0x008004e1       0x77 master.o
                0x008004e1                Current_state
                0x00800550                Time
 COMMON         0x00800558        0xc propagator.o
                0x00800558                v_sat
                0x00800564                PROVIDE (__bss_end, .)
                0x00005e54                __data_load_start = LOADADDR (.data)
                0x00005f34                __data_load_end = (__data_load_start + SIZEOF (.data))

.noinit         0x00800564        0x0
                0x00800564                PROVIDE (__noinit_start, .)
 *(.noinit*)
                0x00800564                PROVIDE (__noinit_end, .)
                0x00800564                _end = .
                0x00800564                PROVIDE (__heap_start, .)

.eeprom         0x00810000        0x0
 *(.eeprom*)
                0x00810000                __eeprom_end = .

.fuse
 *(.fuse)
 *(.lfuse)
 *(.hfuse)
 *(.efuse)

.lock
 *(.lock*)

.signature
 *(.signature*)

.user_signatures
 *(.user_signatures*)

.stab
 *(.stab)

.stabstr
 *(.stabstr)

.stab.excl
 *(.stab.excl)

.stab.exclstr
 *(.stab.exclstr)

.stab.index
 *(.stab.index)

.stab.indexstr
 *(.stab.indexstr)

.comment        0x00000000       0x30
 *(.comment)
 .comment       0x00000000       0x30 controller.o
                                 0x31 (size before relaxing)
 .comment       0x00000000       0x31 frame.o
 .comment       0x00000000       0x31 gps.o
 .comment       0x00000000       0x31 hm.o
 .comment       0x00000000       0x31 igrf.o
 .comment       0x00000000       0x31 mag.o
 .comment       0x00000000       0x31 master.o
 .comment       0x00000000       0x31 mathutil.o
 .comment       0x00000000       0x31 peripherals.o
 .comment       0x00000000       0x31 propagator.o
 .comment       0x00000000       0x31 quest.o
 .comment       0x00000000       0x31 spi.o
 .comment       0x00000000       0x31 sun.o
 .comment       0x00000000       0x31 timer.o
 .comment       0x00000000       0x31 twi.o
 .comment       0x00000000       0x31 uart.o

.note.gnu.build-id
 *(.note.gnu.build-id)

.debug
 *(.debug)

.line
 *(.line)

.debug_srcinfo
 *(.debug_srcinfo)

.debug_sfnames
 *(.debug_sfnames)

.debug_aranges  0x00000000      0x3e0
 *(.debug_aranges)
 .debug_aranges
                0x00000000       0x38 controller.o
 .debug_aranges
                0x00000038       0x58 frame.o
 .debug_aranges
                0x00000090       0x28 gps.o
 .debug_aranges
                0x000000b8       0x28 hm.o
 .debug_aranges
                0x000000e0       0x20 igrf.o
 .debug_aranges
                0x00000100       0x48 mag.o
 .debug_aranges
                0x00000148       0x28 master.o
 .debug_aranges
                0x00000170       0x78 mathutil.o
 .debug_aranges
                0x000001e8       0x58 peripherals.o
 .debug_aranges
                0x00000240       0x40 propagator.o
 .debug_aranges
                0x00000280       0x30 quest.o
 .debug_aranges
                0x000002b0       0x40 spi.o
 .debug_aranges
                0x000002f0       0x38 sun.o
 .debug_aranges
                0x00000328       0x30 timer.o
 .debug_aranges
                0x00000358       0x30 twi.o
 .debug_aranges
                0x00000388       0x58 uart.o

.debug_pubnames
 *(.debug_pubnames)

.debug_info     0x00000000     0x61ff
 *(.debug_info .gnu.linkonce.wi.*)
 .debug_info    0x00000000      0xd3c controller.o
 .debug_info    0x00000d3c      0xcb2 frame.o
 .debug_info    0x000019ee      0x46c gps.o
 .debug_info    0x00001e5a      0x3df hm.o
 .debug_info    0x00002239      0x4f9 igrf.o
 .debug_info    0x00002732      0x599 mag.o
 .debug_info    0x00002ccb      0x50a master.o
 .debug_info    0x000031d5      0x422 mathutil.o
 .debug_info    0x000035f7      0x47b peripherals.o
 .debug_info    0x00003a72      0xad5 propagator.o
 .debug_info    0x00004547      0xaf5 quest.o
 .debug_info    0x0000503c      0x149 spi.o
 .debug_info    0x00005185      0xc3f sun.o
 .debug_info    0x00005dc4       0xe4 timer.o
 .debug_info    0x00005ea8      0x1b5 twi.o
 .debug_info    0x0000605d      0x1a2 uart.o

.debug_abbrev   0x00000000     0x17c1
 *(.debug_abbrev)
 .debug_abbrev  0x00000000      0x26d controller.o
 .debug_abbrev  0x0000026d      0x262 frame.o
 .debug_abbrev  0x000004cf      0x100 gps.o
 .debug_abbrev  0x000005cf      0x130 hm.o
 .debug_abbrev  0x000006ff      0x131 igrf.o
 .debug_abbrev  0x00000830      0x1e5 mag.o
 .debug_abbrev  0x00000a15      0x1ac master.o
 .debug_abbrev  0x00000bc1      0x14a mathutil.o
 .debug_abbrev  0x00000d0b      0x101 peripherals.o
 .debug_abbrev  0x00000e0c      0x1f9 propagator.o
 .debug_abbrev  0x00001005      0x1b2 quest.o
 .debug_abbrev  0x000011b7       0xca spi.o
 .debug_abbrev  0x00001281      0x288 sun.o
 .debug_abbrev  0x00001509       0xaa timer.o
 .debug_abbrev  0x000015b3      0x123 twi.o
 .debug_abbrev  0x000016d6       0xeb uart.o

.debug_line     0x00000000     0x2975
 *(.debug_line .debug_line.* .debug_line_end)
 .debug_line    0x00000000      0x4f3 controller.o
 .debug_line    0x000004f3      0x31a frame.o
 .debug_line    0x0000080d      0x3be gps.o
 .debug_line    0x00000bcb       0xf8 hm.o
 .debug_line    0x00000cc3      0x28a igrf.o
 .debug_line    0x00000f4d      0x278 mag.o
 .debug_line    0x000011c5      0x1e7 master.o
 .debug_line    0x000013ac      0x28e mathutil.o
 .debug_line    0x0000163a      0x226 peripherals.o
 .debug_line    0x00001860      0x2ae propagator.o
 .debug_line    0x00001b0e      0x39b quest.o
 .debug_line    0x00001ea9      0x161 spi.o
 .debug_line    0x0000200a      0x3a3 sun.o
 .debug_line    0x000023ad      0x141 timer.o
 .debug_line    0x000024ee      0x280 twi.o
 .debug_line    0x0000276e      0x207 uart.o

.debug_frame    0x00000000      0xf74
 *(.debug_frame)
 .debug_frame   0x00000000      0x1cc controller.o
 .debug_frame   0x000001cc      0x2d8 frame.o
 .debug_frame   0x000004a4       0x58 gps.o
 .debug_frame   0x000004fc       0x40 hm.o
 .debug_frame   0x0000053c       0x84 igrf.o
 .debug_frame   0x000005c0       0xfc mag.o
 .debug_frame   0x000006bc       0x5c master.o
 .debug_frame   0x00000718      0x2cc mathutil.o
 .debug_frame   0x000009e4       0x94 peripherals.o
 .debug_frame   0x00000a78      0x1ac propagator.o
 .debug_frame   0x00000c24      0x11c quest.o
 .debug_frame   0x00000d40       0x64 spi.o
 .debug_frame   0x00000da4       0xa8 sun.o
 .debug_frame   0x00000e4c       0x44 timer.o
 .debug_frame   0x00000e90       0x44 twi.o
 .debug_frame   0x00000ed4       0xa0 uart.o

.debug_str      0x00000000      0xc60
 *(.debug_str)
 .debug_str     0x00000000      0x4fb controller.o
                                0x5ba (size before relaxing)
 .debug_str     0x000004fb      0x177 frame.o
                                0x403 (size before relaxing)
 .debug_str     0x00000672       0x57 gps.o
                                0x2d8 (size before relaxing)
 .debug_str     0x000006c9       0x46 hm.o
                                0x2ab (size before relaxing)
 .debug_str     0x0000070f       0x4e igrf.o
                                0x1d8 (size before relaxing)
 .debug_str     0x0000075d       0x6d mag.o
                                0x31d (size before relaxing)
 .debug_str     0x000007ca       0x76 master.o
                                0x366 (size before relaxing)
 .debug_str     0x00000840       0x86 mathutil.o
                                0x275 (size before relaxing)
 .debug_str     0x000008c6       0x71 peripherals.o
                                0x334 (size before relaxing)
 .debug_str     0x00000937       0xba propagator.o
                                0x444 (size before relaxing)
 .debug_str     0x000009f1       0xcd quest.o
                                0x419 (size before relaxing)
 .debug_str     0x00000abe       0x59 spi.o
                                0x1ea (size before relaxing)
 .debug_str     0x00000b17       0x8f sun.o
                                0x3a8 (size before relaxing)
 .debug_str     0x00000ba6       0x32 timer.o
                                0x19a (size before relaxing)
 .debug_str     0x00000bd8       0x28 twi.o
                                0x1d4 (size before relaxing)
 .debug_str     0x00000c00       0x60 uart.o
                                0x1f2 (size before relaxing)

.debug_loc      0x00000000     0x4975
 *(.debug_loc)
 .debug_loc     0x00000000      0x6aa controller.o
 .debug_loc     0x000006aa     0x1196 frame.o
 .debug_loc     0x00001840       0x70 gps.o
 .debug_loc     0x000018b0       0x43 hm.o
 .debug_loc     0x000018f3      0xb6f igrf.o
 .debug_loc     0x00002462      0x29b mag.o
 .debug_loc     0x000026fd       0x7d master.o
 .debug_loc     0x0000277a      0xbb2 mathutil.o
 .debug_loc     0x0000332c       0x42 peripherals.o
 .debug_loc     0x0000336e      0x5ef propagator.o
 .debug_loc     0x0000395d      0x825 quest.o
 .debug_loc     0x00004182       0xb3 spi.o
 .debug_loc     0x00004235      0x559 sun.o
 .debug_loc     0x0000478e       0x26 timer.o
 .debug_loc     0x000047b4      0x100 twi.o
 .debug_loc     0x000048b4       0xc1 uart.o

.debug_macinfo
 *(.debug_macinfo)

.debug_weaknames
 *(.debug_weaknames)

.debug_funcnames
 *(.debug_funcnames)

.debug_typenames
 *(.debug_typenames)

.debug_varnames
 *(.debug_varnames)

.debug_pubtypes
 *(.debug_pubtypes)

.debug_ranges   0x00000000      0x2f8
 *(.debug_ranges)
 .debug_ranges  0x00000000       0x28 controller.o
 .debug_ranges  0x00000028       0x60 frame.o
 .debug_ranges  0x00000088       0x18 gps.o
 .debug_ranges  0x000000a0       0x18 hm.o
 .debug_ranges  0x000000b8       0x10 igrf.o
 .debug_ranges  0x000000c8       0x38 mag.o
 .debug_ranges  0x00000100       0x18 master.o
 .debug_ranges  0x00000118       0x68 mathutil.o
 .debug_ranges  0x00000180       0x48 peripherals.o
 .debug_ranges  0x000001c8       0x30 propagator.o
 .debug_ranges  0x000001f8       0x20 quest.o
 .debug_ranges  0x00000218       0x30 spi.o
 .debug_ranges  0x00000248       0x28 sun.o
 .debug_ranges  0x00000270       0x20 timer.o
 .debug_ranges  0x00000290       0x20 twi.o
 .debug_ranges  0x000002b0       0x48 uart.o

.debug_macro
 *(.debug_macro)
OUTPUT(nominal2.elf elf32-avr)
LOAD linker stubs
